Archive member included to satisfy reference by file (symbol)

/usr/lib/gcc/arm-none-eabi/15.2.0/../../../../arm-none-eabi/lib/thumb/v7e-m+dp/hard/libc_nano.a(libc_a-atexit.o)
                              /usr/lib/gcc/arm-none-eabi/15.2.0/../../../../arm-none-eabi/lib/thumb/v7e-m+dp/hard/crt0.o (atexit)
/usr/lib/gcc/arm-none-eabi/15.2.0/../../../../arm-none-eabi/lib/thumb/v7e-m+dp/hard/libc_nano.a(libc_a-exit.o)
                              /usr/lib/gcc/arm-none-eabi/15.2.0/../../../../arm-none-eabi/lib/thumb/v7e-m+dp/hard/crt0.o (exit)
/usr/lib/gcc/arm-none-eabi/15.2.0/../../../../arm-none-eabi/lib/thumb/v7e-m+dp/hard/libc_nano.a(libc_a-findfp.o)
                              /usr/lib/gcc/arm-none-eabi/15.2.0/../../../../arm-none-eabi/lib/thumb/v7e-m+dp/hard/libc_nano.a(libc_a-exit.o) (__stdio_exit_handler)
/usr/lib/gcc/arm-none-eabi/15.2.0/../../../../arm-none-eabi/lib/thumb/v7e-m+dp/hard/libc_nano.a(libc_a-fwalk.o)
                              /usr/lib/gcc/arm-none-eabi/15.2.0/../../../../arm-none-eabi/lib/thumb/v7e-m+dp/hard/libc_nano.a(libc_a-findfp.o) (_fwalk_sglue)
/usr/lib/gcc/arm-none-eabi/15.2.0/../../../../arm-none-eabi/lib/thumb/v7e-m+dp/hard/libc_nano.a(libc_a-stdio.o)
                              /usr/lib/gcc/arm-none-eabi/15.2.0/../../../../arm-none-eabi/lib/thumb/v7e-m+dp/hard/libc_nano.a(libc_a-findfp.o) (__sread)
/usr/lib/gcc/arm-none-eabi/15.2.0/../../../../arm-none-eabi/lib/thumb/v7e-m+dp/hard/libc_nano.a(libc_a-memset.o)
                              /usr/lib/gcc/arm-none-eabi/15.2.0/../../../../arm-none-eabi/lib/thumb/v7e-m+dp/hard/crt0.o (memset)
/usr/lib/gcc/arm-none-eabi/15.2.0/../../../../arm-none-eabi/lib/thumb/v7e-m+dp/hard/libc_nano.a(libc_a-closer.o)
                              /usr/lib/gcc/arm-none-eabi/15.2.0/../../../../arm-none-eabi/lib/thumb/v7e-m+dp/hard/libc_nano.a(libc_a-stdio.o) (_close_r)
/usr/lib/gcc/arm-none-eabi/15.2.0/../../../../arm-none-eabi/lib/thumb/v7e-m+dp/hard/libc_nano.a(libc_a-reent.o)
                              /usr/lib/gcc/arm-none-eabi/15.2.0/../../../../arm-none-eabi/lib/thumb/v7e-m+dp/hard/libc_nano.a(libc_a-closer.o) (errno)
/usr/lib/gcc/arm-none-eabi/15.2.0/../../../../arm-none-eabi/lib/thumb/v7e-m+dp/hard/libc_nano.a(libc_a-impure.o)
                              /usr/lib/gcc/arm-none-eabi/15.2.0/../../../../arm-none-eabi/lib/thumb/v7e-m+dp/hard/libc_nano.a(libc_a-reent.o) (_impure_ptr)
/usr/lib/gcc/arm-none-eabi/15.2.0/../../../../arm-none-eabi/lib/thumb/v7e-m+dp/hard/libc_nano.a(libc_a-lseekr.o)
                              /usr/lib/gcc/arm-none-eabi/15.2.0/../../../../arm-none-eabi/lib/thumb/v7e-m+dp/hard/libc_nano.a(libc_a-stdio.o) (_lseek_r)
/usr/lib/gcc/arm-none-eabi/15.2.0/../../../../arm-none-eabi/lib/thumb/v7e-m+dp/hard/libc_nano.a(libc_a-readr.o)
                              /usr/lib/gcc/arm-none-eabi/15.2.0/../../../../arm-none-eabi/lib/thumb/v7e-m+dp/hard/libc_nano.a(libc_a-stdio.o) (_read_r)
/usr/lib/gcc/arm-none-eabi/15.2.0/../../../../arm-none-eabi/lib/thumb/v7e-m+dp/hard/libc_nano.a(libc_a-writer.o)
                              /usr/lib/gcc/arm-none-eabi/15.2.0/../../../../arm-none-eabi/lib/thumb/v7e-m+dp/hard/libc_nano.a(libc_a-stdio.o) (_write_r)
/usr/lib/gcc/arm-none-eabi/15.2.0/../../../../arm-none-eabi/lib/thumb/v7e-m+dp/hard/libc_nano.a(libc_a-errno.o)
                              build/sysmem.o (__errno)
/usr/lib/gcc/arm-none-eabi/15.2.0/../../../../arm-none-eabi/lib/thumb/v7e-m+dp/hard/libc_nano.a(libc_a-init.o)
                              /usr/lib/gcc/arm-none-eabi/15.2.0/../../../../arm-none-eabi/lib/thumb/v7e-m+dp/hard/crt0.o (__libc_init_array)
/usr/lib/gcc/arm-none-eabi/15.2.0/../../../../arm-none-eabi/lib/thumb/v7e-m+dp/hard/libc_nano.a(libc_a-fini.o)
                              /usr/lib/gcc/arm-none-eabi/15.2.0/../../../../arm-none-eabi/lib/thumb/v7e-m+dp/hard/crt0.o (__libc_fini_array)
/usr/lib/gcc/arm-none-eabi/15.2.0/../../../../arm-none-eabi/lib/thumb/v7e-m+dp/hard/libc_nano.a(libc_a-lock.o)
                              /usr/lib/gcc/arm-none-eabi/15.2.0/../../../../arm-none-eabi/lib/thumb/v7e-m+dp/hard/libc_nano.a(libc_a-findfp.o) (__retarget_lock_init_recursive)
/usr/lib/gcc/arm-none-eabi/15.2.0/../../../../arm-none-eabi/lib/thumb/v7e-m+dp/hard/libc_nano.a(libc_a-memcpy-stub.o)
                              build/queue.o (memcpy)
/usr/lib/gcc/arm-none-eabi/15.2.0/../../../../arm-none-eabi/lib/thumb/v7e-m+dp/hard/libc_nano.a(libc_a-strlen.o)
                              build/tasks.o (strlen)
/usr/lib/gcc/arm-none-eabi/15.2.0/../../../../arm-none-eabi/lib/thumb/v7e-m+dp/hard/libc_nano.a(libc_a-__atexit.o)
                              /usr/lib/gcc/arm-none-eabi/15.2.0/../../../../arm-none-eabi/lib/thumb/v7e-m+dp/hard/libc_nano.a(libc_a-atexit.o) (__register_exitproc)
/usr/lib/gcc/arm-none-eabi/15.2.0/../../../../arm-none-eabi/lib/thumb/v7e-m+dp/hard/libc_nano.a(libc_a-__call_atexit.o)
[...]
Memory Configuration

Name             Origin             Length             Attributes
RAM              0x20000000         0x00080000         xrw
FLASH            0x08000000         0x00200000         xr
*default*        0x00000000         0xffffffff

Linker script and memory map

LOAD /usr/lib/gcc/arm-none-eabi/15.2.0/thumb/v7e-m+dp/hard/crti.o
LOAD /usr/lib/gcc/arm-none-eabi/15.2.0/thumb/v7e-m+dp/hard/crtbegin.o
LOAD /usr/lib/gcc/arm-none-eabi/15.2.0/../../../../arm-none-eabi/lib/thumb/v7e-m+dp/hard/crt0.o
LOAD build/main.o
LOAD build/freertos.o
LOAD build/usart.o
LOAD build/stm32f7xx_it.o
LOAD build/stm32f7xx_hal_msp.o
LOAD build/stm32f7xx_hal_timebase_tim.o
LOAD build/_icm20948.o
LOAD build/stm32f7xx_hal_tim.o
LOAD build/stm32f7xx_hal_tim_ex.o
LOAD build/stm32f7xx_ll_gpio.o
LOAD build/stm32f7xx_ll_rcc.o
LOAD build/stm32f7xx_ll_utils.o
LOAD build/stm32f7xx_ll_exti.o
LOAD build/stm32f7xx_hal_rcc.o
LOAD build/stm32f7xx_hal_rcc_ex.o
LOAD build/stm32f7xx_hal_flash.o
LOAD build/stm32f7xx_hal_flash_ex.o
LOAD build/stm32f7xx_hal_gpio.o
LOAD build/stm32f7xx_hal_dma.o
LOAD build/stm32f7xx_hal_dma_ex.o
LOAD build/stm32f7xx_hal_pwr.o
LOAD build/stm32f7xx_hal_pwr_ex.o
LOAD build/stm32f7xx_hal_cortex.o
LOAD build/stm32f7xx_hal.o
LOAD build/stm32f7xx_hal_i2c.o
LOAD build/stm32f7xx_hal_i2c_ex.o
LOAD build/stm32f7xx_hal_exti.o
LOAD build/stm32f7xx_ll_usart.o
LOAD build/stm32f7xx_ll_dma.o
LOAD build/system_stm32f7xx.o
LOAD build/croutine.o
LOAD build/event_groups.o
LOAD build/list.o
LOAD build/queue.o
LOAD build/stream_buffer.o
LOAD build/tasks.o
LOAD build/timers.o
LOAD build/cmsis_os2.o
LOAD build/heap_4.o
LOAD build/port.o
LOAD build/sysmem.o
LOAD build/syscalls.o
LOAD build/arm_add_f32.o
LOAD build/arm_common_tables.o
LOAD build/arm_cmplx_conj_f32.o
LOAD build/arm_pid_init_f32.o
LOAD build/arm_euclidean_distance_f32.o
LOAD build/arm_cos_f32.o
LOAD build/arm_fir_f32.o
LOAD build/arm_linear_interp_f32.o
LOAD build/arm_mat_mult_f32.o
LOAD build/arm_quaternion_norm_f32.o
LOAD build/arm_mean_f32.o
LOAD build/arm_copy_f32.o
LOAD build/arm_cfft_f32.o
LOAD build/ahrs.o
LOAD build/startup_stm32f767xx.o
LOAD /usr/lib/gcc/arm-none-eabi/15.2.0/../../../../arm-none-eabi/lib/thumb/v7e-m+dp/hard/libc_nano.a
LOAD /usr/lib/gcc/arm-none-eabi/15.2.0/../../../../arm-none-eabi/lib/thumb/v7e-m+dp/hard/libm.a
LOAD /usr/lib/gcc/arm-none-eabi/15.2.0/../../../../arm-none-eabi/lib/thumb/v7e-m+dp/hard/libnosys.a
START GROUP
LOAD /usr/lib/gcc/arm-none-eabi/15.2.0/thumb/v7e-m+dp/hard/libgcc.a
LOAD /usr/lib/gcc/arm-none-eabi/15.2.0/../../../../arm-none-eabi/lib/thumb/v7e-m+dp/hard/libc_nano.a
END GROUP
START GROUP
LOAD /usr/lib/gcc/arm-none-eabi/15.2.0/thumb/v7e-m+dp/hard/libgcc.a
LOAD /usr/lib/gcc/arm-none-eabi/15.2.0/../../../../arm-none-eabi/lib/thumb/v7e-m+dp/hard/libc_nano.a
END GROUP
LOAD /usr/lib/gcc/arm-none-eabi/15.2.0/thumb/v7e-m+dp/hard/crtend.o
LOAD /usr/lib/gcc/arm-none-eabi/15.2.0/thumb/v7e-m+dp/hard/crtn.o
                0x20080000                        _estack = (ORIGIN (RAM) + LENGTH (RAM))
                0x2007fc00                        _sstack = (_estack - _Min_Stack_Size)
                0x00000200                        _Min_Heap_Size = 0x200
                0x00000400                        _Min_Stack_Size = 0x400

.isr_vector     0x08000000      0x1f8
                0x08000000                        . = ALIGN (0x4)
 *(.isr_vector)
 .isr_vector    0x08000000      0x1f8 build/startup_stm32f767xx.o
                0x08000000                g_pfnVectors
                0x080001f8                        . = ALIGN (0x4)

.text           0x08000200     0x1958
                0x08000200                        . = ALIGN (0x4)
 *(.text)
 .text          0x08000200       0x88 /usr/lib/gcc/arm-none-eabi/15.2.0/thumb/v7e-m+dp/hard/crtbegin.o
 *(.text*)
 .text.MPU_Config
                0x08000288       0x34 build/main.o
 .text.LL_GPIO_SetPinPull
                0x080002bc       0x2e build/main.o
 .text.LL_GPIO_SetPinMode
                0x080002ea       0x2e build/main.o
 .text.MX_GPIO_Init
                0x08000318      0x208 build/main.o
 .text.HAL_TIM_PeriodElapsedCallback
                0x08000520       0x18 build/main.o
                0x08000520                HAL_TIM_PeriodElapsedCallback
 .text.Error_Handler
                0x08000538        0x4 build/main.o
                0x08000538                Error_Handler
 .text.SystemClock_Config
                0x0800053c       0xec build/main.o
                0x0800053c                SystemClock_Config
 .text.main     0x08000628       0x58 build/main.o
                0x08000628                main
 .text.USART3_IRQHandler
                0x08000680       0x70 build/usart.o
                0x08000680                USART3_IRQHandler
 .text.call1    0x080006f0       0x84 build/usart.o
                0x080006f0                call1
 .text.DMA1_Stream3_IRQHandler
                0x08000774       0x24 build/usart.o
                0x08000774                DMA1_Stream3_IRQHandler
 .text.DMA1_Stream1_IRQHandler
                0x08000798       0x18 build/usart.o
                0x08000798                DMA1_Stream1_IRQHandler
 .text.NMI_Handler
                0x080007b0        0x2 build/stm32f7xx_it.o
                0x080007b0                NMI_Handler
 .text.HardFault_Handler
                0x080007b2        0x2 build/stm32f7xx_it.o
                0x080007b2                HardFault_Handler
 .text.MemManage_Handler
                0x080007b4        0x2 build/stm32f7xx_it.o
                0x080007b4                MemManage_Handler
 .text.BusFault_Handler
                0x080007b6        0x2 build/stm32f7xx_it.o
                0x080007b6                BusFault_Handler
 .text.UsageFault_Handler
                0x080007b8        0x2 build/stm32f7xx_it.o
                0x080007b8                UsageFault_Handler
 .text.DebugMon_Handler
                0x080007ba        0x2 build/stm32f7xx_it.o
                0x080007ba                DebugMon_Handler
 .text.TIM1_UP_TIM10_IRQHandler
                0x080007bc       0x10 build/stm32f7xx_it.o
                0x080007bc                TIM1_UP_TIM10_IRQHandler
 .text.HAL_MspInit
                0x080007cc       0x40 build/stm32f7xx_hal_msp.o
                0x080007cc                HAL_MspInit
 .text.HAL_InitTick
                0x0800080c       0x98 build/stm32f7xx_hal_timebase_tim.o
                0x0800080c                HAL_InitTick
 .text.Dma_Mpu_Config_Callback
                0x080008a4       0x10 build/_icm20948.o
                0x080008a4                Dma_Mpu_Config_Callback
 .text.is_icm_dma_transmit
                0x080008b4       0x2c build/_icm20948.o
 .text.DMA2_Stream2_IRQHandler
                0x080008e0       0x44 build/_icm20948.o
                0x080008e0                DMA2_Stream2_IRQHandler
 .text.DMA2_Stream3_IRQHandler
                0x08000924       0x2c build/_icm20948.o
                0x08000924                DMA2_Stream3_IRQHandler
 .text.TIM2_IRQHandler
                0x08000950       0xa8 build/_icm20948.o
                0x08000950                TIM2_IRQHandler
 .text.icm20948_init
                0x080009f8      0x1a4 build/_icm20948.o
                0x080009f8                icm20948_init
 .text.delay_ms
                0x08000b9c       0x4c build/_icm20948.o
                0x08000b9c                delay_ms
 .text.TIM7_IRQHandler
                0x08000be8       0x28 build/_icm20948.o
                0x08000be8                TIM7_IRQHandler
 .text.Spi_Dma_Write
                0x08000c10       0x94 build/_icm20948.o
                0x08000c10                Spi_Dma_Write
 .text.Select_Bank
                0x08000ca4       0x16 build/_icm20948.o
                0x08000ca4                Select_Bank
 *fill*         0x08000cba        0x2 
 .text.Spi_Dma_Read
                0x08000cbc       0x9c build/_icm20948.o
                0x08000cbc                Spi_Dma_Read
 .text.icm20948_start
                0x08000d58      0x2b8 build/_icm20948.o
                0x08000d58                icm20948_start
 .text.HAL_TIM_Base_MspInit
                0x08001010        0x2 build/stm32f7xx_hal_tim.o
                0x08001010                HAL_TIM_Base_MspInit
 *fill*         0x08001012        0x2 
 .text.HAL_TIM_Base_Start_IT
                0x08001014       0x90 build/stm32f7xx_hal_tim.o
                0x08001014                HAL_TIM_Base_Start_IT
 .text.HAL_TIM_OC_DelayElapsedCallback
                0x080010a4        0x2 build/stm32f7xx_hal_tim.o
                0x080010a4                HAL_TIM_OC_DelayElapsedCallback
 .text.HAL_TIM_IC_CaptureCallback
                0x080010a6        0x2 build/stm32f7xx_hal_tim.o
                0x080010a6                HAL_TIM_IC_CaptureCallback
 .text.HAL_TIM_PWM_PulseFinishedCallback
                0x080010a8        0x2 build/stm32f7xx_hal_tim.o
                0x080010a8                HAL_TIM_PWM_PulseFinishedCallback
 .text.HAL_TIM_TriggerCallback
                0x080010aa        0x2 build/stm32f7xx_hal_tim.o
                0x080010aa                HAL_TIM_TriggerCallback
 .text.HAL_TIM_IRQHandler
                0x080010ac      0x180 build/stm32f7xx_hal_tim.o
                0x080010ac                HAL_TIM_IRQHandler
 .text.TIM_Base_SetConfig
                0x0800122c      0x134 build/stm32f7xx_hal_tim.o
                0x0800122c                TIM_Base_SetConfig
 .text.HAL_TIM_Base_Init
                0x08001360       0x60 build/stm32f7xx_hal_tim.o
                0x08001360                HAL_TIM_Base_Init
 .text.HAL_TIMEx_CommutCallback
                0x080013c0        0x2 build/stm32f7xx_hal_tim_ex.o
                0x080013c0                HAL_TIMEx_CommutCallback
 .text.HAL_TIMEx_BreakCallback
                0x080013c2        0x2 build/stm32f7xx_hal_tim_ex.o
                0x080013c2                HAL_TIMEx_BreakCallback
 .text.HAL_TIMEx_Break2Callback
                0x080013c4        0x2 build/stm32f7xx_hal_tim_ex.o
                0x080013c4                HAL_TIMEx_Break2Callback
 .text.LL_GPIO_SetPinSpeed
                0x080013c6       0x2e build/stm32f7xx_ll_gpio.o
 .text.LL_GPIO_SetPinPull
                0x080013f4       0x2e build/stm32f7xx_ll_gpio.o
 .text.LL_GPIO_SetAFPin_0_7
                0x08001422       0x2e build/stm32f7xx_ll_gpio.o
 .text.LL_GPIO_SetAFPin_8_15
                0x08001450       0x30 build/stm32f7xx_ll_gpio.o
 .text.LL_GPIO_SetPinMode
                0x08001480       0x2e build/stm32f7xx_ll_gpio.o
 .text.LL_GPIO_Init
                0x080014ae       0x8a build/stm32f7xx_ll_gpio.o
                0x080014ae                LL_GPIO_Init
 .text.LL_SetSystemCoreClock
                0x08001538        0xc build/stm32f7xx_ll_utils.o
                0x08001538                LL_SetSystemCoreClock
 .text.LL_EXTI_Init
                0x08001544       0xd8 build/stm32f7xx_ll_exti.o
                0x08001544                LL_EXTI_Init
 .text.HAL_RCC_GetHCLKFreq
                0x0800161c        0xc build/stm32f7xx_hal_rcc.o
                0x0800161c                HAL_RCC_GetHCLKFreq
 .text.HAL_RCC_GetPCLK2Freq
                0x08001628       0x20 build/stm32f7xx_hal_rcc.o
                0x08001628                HAL_RCC_GetPCLK2Freq
 .text.HAL_RCC_GetClockConfig
                0x08001648       0x3c build/stm32f7xx_hal_rcc.o
                0x08001648                HAL_RCC_GetClockConfig
 .text.HAL_GPIO_TogglePin
                0x08001684       0x12 build/stm32f7xx_hal_gpio.o
                0x08001684                HAL_GPIO_TogglePin
 *fill*         0x08001696        0x2 
 .text.__NVIC_SetPriority
                0x08001698       0x24 build/stm32f7xx_hal_cortex.o
 .text.NVIC_EncodePriority
                0x080016bc       0x46 build/stm32f7xx_hal_cortex.o
 *fill*         0x08001702        0x2 
 .text.HAL_NVIC_SetPriorityGrouping
                0x08001704       0x24 build/stm32f7xx_hal_cortex.o
                0x08001704                HAL_NVIC_SetPriorityGrouping
 .text.HAL_NVIC_SetPriority
                0x08001728       0x20 build/stm32f7xx_hal_cortex.o
                0x08001728                HAL_NVIC_SetPriority
 .text.HAL_NVIC_EnableIRQ
                0x08001748       0x1c build/stm32f7xx_hal_cortex.o
                0x08001748                HAL_NVIC_EnableIRQ
 .text.HAL_Init
                0x08001764       0x16 build/stm32f7xx_hal.o
                0x08001764                HAL_Init
 *fill*         0x0800177a        0x2 
 .text.HAL_IncTick
                0x0800177c       0x18 build/stm32f7xx_hal.o
                0x0800177c                HAL_IncTick
 .text.SystemInit
                0x08001794       0x14 build/system_stm32f7xx.o
                0x08001794                SystemInit
 .text.vListInsertEnd
                0x080017a8       0x16 build/list.o
                0x080017a8                vListInsertEnd
 .text.uxListRemove
                0x080017be       0x26 build/list.o
                0x080017be                uxListRemove
 .text.prvResetNextTaskUnblockTime
                0x080017e4       0x2c build/tasks.o
 .text.xTaskIncrementTick
                0x08001810      0x128 build/tasks.o
                0x08001810                xTaskIncrementTick
 .text.vTaskSwitchContext
                0x08001938       0x9c build/tasks.o
                0x08001938                vTaskSwitchContext
 *fill*         0x080019d4        0xc 
 .text.SVC_Handler
                0x080019e0       0x24 build/port.o
                0x080019e0                SVC_Handler
 *fill*         0x08001a04        0xc 
 .text.PendSV_Handler
                0x08001a10       0x64 build/port.o
                0x08001a10                PendSV_Handler
 .text.SysTick_Handler
                0x08001a74       0x30 build/port.o
                0x08001a74                SysTick_Handler
 .text.Reset_Handler
                0x08001aa4       0x50 build/startup_stm32f767xx.o
                0x08001aa4                Reset_Handler
 .text.Default_Handler
                0x08001af4        0x2 build/startup_stm32f767xx.o
                0x08001af4                RTC_Alarm_IRQHandler
                0x08001af4                EXTI2_IRQHandler
                0x08001af4                TIM8_CC_IRQHandler
                0x08001af4                UART8_IRQHandler
                0x08001af4                SPI4_IRQHandler
                0x08001af4                TIM1_CC_IRQHandler
                0x08001af4                DMA2_Stream5_IRQHandler
                0x08001af4                JPEG_IRQHandler
                0x08001af4                DMA1_Stream5_IRQHandler
                0x08001af4                CAN3_RX1_IRQHandler
                0x08001af4                PVD_IRQHandler
                0x08001af4                TAMP_STAMP_IRQHandler
                0x08001af4                CAN2_RX1_IRQHandler
                0x08001af4                EXTI3_IRQHandler
                0x08001af4                TIM8_TRG_COM_TIM14_IRQHandler
                0x08001af4                DFSDM1_FLT1_IRQHandler
                0x08001af4                TIM8_UP_TIM13_IRQHandler
                0x08001af4                I2C3_ER_IRQHandler
                0x08001af4                DFSDM1_FLT2_IRQHandler
                0x08001af4                EXTI0_IRQHandler
                0x08001af4                I2C2_EV_IRQHandler
                0x08001af4                DMA1_Stream2_IRQHandler
                0x08001af4                CAN1_RX0_IRQHandler
                0x08001af4                FPU_IRQHandler
                0x08001af4                OTG_HS_WKUP_IRQHandler
                0x08001af4                CAN3_SCE_IRQHandler
                0x08001af4                LTDC_ER_IRQHandler
                0x08001af4                CAN2_SCE_IRQHandler
                0x08001af4                SPI1_IRQHandler
                0x08001af4                TIM6_DAC_IRQHandler
                0x08001af4                TIM1_BRK_TIM9_IRQHandler
                0x08001af4                DCMI_IRQHandler
                0x08001af4                CAN2_RX0_IRQHandler
                0x08001af4                SAI2_IRQHandler
                0x08001af4                DFSDM1_FLT3_IRQHandler
                0x08001af4                USART6_IRQHandler
                0x08001af4                CAN3_RX0_IRQHandler
                0x08001af4                CAN1_RX1_IRQHandler
                0x08001af4                UART5_IRQHandler
                0x08001af4                DMA2_Stream0_IRQHandler
                0x08001af4                TIM4_IRQHandler
                0x08001af4                QUADSPI_IRQHandler
                0x08001af4                I2C1_EV_IRQHandler
                0x08001af4                DMA1_Stream6_IRQHandler
                0x08001af4                UART4_IRQHandler
                0x08001af4                TIM3_IRQHandler
                0x08001af4                RCC_IRQHandler
                0x08001af4                TIM8_BRK_TIM12_IRQHandler
                0x08001af4                Default_Handler
                0x08001af4                CEC_IRQHandler
                0x08001af4                EXTI15_10_IRQHandler
                0x08001af4                ADC_IRQHandler
                0x08001af4                DMA1_Stream7_IRQHandler
                0x08001af4                SPI5_IRQHandler
                0x08001af4                SDMMC1_IRQHandler
                0x08001af4                CAN2_TX_IRQHandler
                0x08001af4                TIM5_IRQHandler
                0x08001af4                DMA2_Stream7_IRQHandler
                0x08001af4                I2C3_EV_IRQHandler
                0x08001af4                EXTI9_5_IRQHandler
                0x08001af4                RTC_WKUP_IRQHandler
                0x08001af4                LTDC_IRQHandler
                0x08001af4                ETH_WKUP_IRQHandler
                0x08001af4                SPDIF_RX_IRQHandler
                0x08001af4                SPI2_IRQHandler
                0x08001af4                OTG_HS_EP1_IN_IRQHandler
                0x08001af4                DMA1_Stream0_IRQHandler
                0x08001af4                CAN1_TX_IRQHandler
                0x08001af4                EXTI4_IRQHandler
                0x08001af4                RNG_IRQHandler
                0x08001af4                ETH_IRQHandler
                0x08001af4                OTG_HS_EP1_OUT_IRQHandler
                0x08001af4                WWDG_IRQHandler
                0x08001af4                SPI6_IRQHandler
                0x08001af4                MDIOS_IRQHandler
                0x08001af4                I2C4_EV_IRQHandler
                0x08001af4                CAN3_TX_IRQHandler
                0x08001af4                OTG_FS_WKUP_IRQHandler
                0x08001af4                TIM1_TRG_COM_TIM11_IRQHandler
                0x08001af4                OTG_HS_IRQHandler
                0x08001af4                DMA2D_IRQHandler
                0x08001af4                EXTI1_IRQHandler
                0x08001af4                SDMMC2_IRQHandler
                0x08001af4                UART7_IRQHandler
                0x08001af4                USART2_IRQHandler
                0x08001af4                DFSDM1_FLT0_IRQHandler
                0x08001af4                I2C2_ER_IRQHandler
                0x08001af4                DMA2_Stream1_IRQHandler
                0x08001af4                CAN1_SCE_IRQHandler
                0x08001af4                FLASH_IRQHandler
                0x08001af4                DMA2_Stream4_IRQHandler
                0x08001af4                USART1_IRQHandler
                0x08001af4                OTG_FS_IRQHandler
                0x08001af4                SPI3_IRQHandler
                0x08001af4                DMA1_Stream4_IRQHandler
                0x08001af4                I2C1_ER_IRQHandler
                0x08001af4                FMC_IRQHandler
                0x08001af4                LPTIM1_IRQHandler
                0x08001af4                I2C4_ER_IRQHandler
                0x08001af4                DMA2_Stream6_IRQHandler
                0x08001af4                SAI1_IRQHandler
 *fill*         0x08001af6        0x2 
 .text.__libc_init_array
                0x08001af8       0x48 /usr/lib/gcc/arm-none-eabi/15.2.0/../../../../arm-none-eabi/lib/thumb/v7e-m+dp/hard/libc_nano.a(libc_a-init.o)
                0x08001af8                __libc_init_array
 *(.glue_7)
 .glue_7        0x08001b40        0x0 linker stubs
 *(.glue_7t)
 .glue_7t       0x08001b40        0x0 linker stubs
 *(.eh_frame)
 .eh_frame      0x08001b40        0x0 /usr/lib/gcc/arm-none-eabi/15.2.0/thumb/v7e-m+dp/hard/crtbegin.o
 *(.init)
 .init          0x08001b40        0x4 /usr/lib/gcc/arm-none-eabi/15.2.0/thumb/v7e-m+dp/hard/crti.o
                0x08001b40                _init
 .init          0x08001b44        0x8 /usr/lib/gcc/arm-none-eabi/15.2.0/thumb/v7e-m+dp/hard/crtn.o
 *(.fini)
 .fini          0x08001b4c        0x4 /usr/lib/gcc/arm-none-eabi/15.2.0/thumb/v7e-m+dp/hard/crti.o
                0x08001b4c                _fini
 .fini          0x08001b50        0x8 /usr/lib/gcc/arm-none-eabi/15.2.0/thumb/v7e-m+dp/hard/crtn.o
                0x08001b58                        . = ALIGN (0x4)
                0x08001b58                        _etext = .

.vfp11_veneer   0x08001b58        0x0
 .vfp11_veneer  0x08001b58        0x0 linker stubs

.v4_bx          0x08001b58        0x0
 .v4_bx         0x08001b58        0x0 linker stubs

.iplt           0x08001b58        0x0
 .iplt          0x08001b58        0x0 /usr/lib/gcc/arm-none-eabi/15.2.0/thumb/v7e-m+dp/hard/crtbegin.o

.rodata         0x08001b58        0x8
                0x08001b58                        . = ALIGN (0x4)
 *(.rodata)
 *(.rodata*)
 .rodata.APBPrescTable
                0x08001b58        0x8 build/system_stm32f7xx.o
                0x08001b58                APBPrescTable
                0x08001b60                        . = ALIGN (0x4)

.ARM.extab      0x08001b60        0x0
                0x08001b60                        . = ALIGN (0x4)
 *(.ARM.extab* .gnu.linkonce.armextab.*)
                0x08001b60                        . = ALIGN (0x4)

.ARM            0x08001b60        0x0
                0x08001b60                        . = ALIGN (0x4)
                0x08001b60                        __exidx_start = .
 *(.ARM.exidx*)
                0x08001b60                        __exidx_end = .
                0x08001b60                        . = ALIGN (0x4)

.preinit_array  0x08001b60        0x0
                0x08001b60                        . = ALIGN (0x4)
                0x08001b60                        PROVIDE (__preinit_array_start = .)
 *(.preinit_array*)
                0x08001b60                        PROVIDE (__preinit_array_end = .)
                0x08001b60                        . = ALIGN (0x4)

.init_array     0x08001b60        0x4
                0x08001b60                        . = ALIGN (0x4)
                0x08001b60                        PROVIDE (__init_array_start = .)
 *(SORT_BY_NAME(.init_array.*))
 *(.init_array*)
 .init_array    0x08001b60        0x4 /usr/lib/gcc/arm-none-eabi/15.2.0/thumb/v7e-m+dp/hard/crtbegin.o
                0x08001b64                        PROVIDE (__init_array_end = .)
                0x08001b64                        . = ALIGN (0x4)

.fini_array     0x08001b64        0x4
                0x08001b64                        . = ALIGN (0x4)
                0x08001b64                        PROVIDE (__fini_array_start = .)
 *(SORT_BY_NAME(.fini_array.*))
 *(.fini_array*)
 .fini_array    0x08001b64        0x4 /usr/lib/gcc/arm-none-eabi/15.2.0/thumb/v7e-m+dp/hard/crtbegin.o
                0x08001b68                        PROVIDE (__fini_array_end = .)
                0x08001b68                        . = ALIGN (0x4)
                0x08001b68                        _sidata = LOADADDR (.data)

.rel.dyn        0x08001b68        0x0
 .rel.iplt      0x08001b68        0x0 /usr/lib/gcc/arm-none-eabi/15.2.0/thumb/v7e-m+dp/hard/crtbegin.o

.data           0x20000000        0xc load address 0x08001b68
                0x20000000                        . = ALIGN (0x4)
                0x20000000                        _sdata = .
 *(.data)
 *(.data*)
 .data.uwTickFreq
                0x20000000        0x1 build/stm32f7xx_hal.o
                0x20000000                uwTickFreq
 *fill*         0x20000001        0x3 
 .data.uwTickPrio
                0x20000004        0x4 build/stm32f7xx_hal.o
                0x20000004                uwTickPrio
 .data.SystemCoreClock
                0x20000008        0x4 build/system_stm32f7xx.o
                0x20000008                SystemCoreClock
 *(.RamFunc)
 *(.RamFunc*)
                0x2000000c                        . = ALIGN (0x4)
                0x2000000c                        _edata = .

.tm_clone_table
                0x2000000c        0x0 load address 0x08001b74
 .tm_clone_table
                0x2000000c        0x0 /usr/lib/gcc/arm-none-eabi/15.2.0/thumb/v7e-m+dp/hard/crtbegin.o
 .tm_clone_table
                0x2000000c        0x0 /usr/lib/gcc/arm-none-eabi/15.2.0/thumb/v7e-m+dp/hard/crtend.o

.igot.plt       0x2000000c        0x0 load address 0x08001b74
 .igot.plt      0x2000000c        0x0 /usr/lib/gcc/arm-none-eabi/15.2.0/thumb/v7e-m+dp/hard/crtbegin.o
                0x2000000c                        . = ALIGN (0x4)

.bss            0x2000000c      0x670 load address 0x08001b74
                0x2000000c                        _sbss = .
                0x2000000c                        __bss_start__ = _sbss
 *(.bss)
 .bss           0x2000000c       0x1c /usr/lib/gcc/arm-none-eabi/15.2.0/thumb/v7e-m+dp/hard/crtbegin.o
 *(.bss*)
 .bss.lockUsartDma
                0x20000028        0x1 build/usart.o
 *fill*         0x20000029        0x3 
 .bss.fifoBuff  0x2000002c       0xc0 build/usart.o
 .bss.tail      0x200000ec        0x1 build/usart.o
 .bss.it        0x200000ed        0x1 build/usart.o
 .bss.USART_req_tail
                0x200000ee        0x2 build/usart.o
 .bss.USART_req_it
                0x200000f0        0x2 build/usart.o
 .bss.USART_req_start_index
                0x200000f2        0x2 build/usart.o
                0x200000f2                USART_req_start_index
 .bss.USART_req_size
                0x200000f4        0x2 build/usart.o
                0x200000f4                USART_req_size
 .bss.USART_req
                0x200000f6        0x1 build/usart.o
                0x200000f6                USART_req
 *fill*         0x200000f7        0x1 
 .bss.htim1     0x200000f8       0x4c build/stm32f7xx_hal_timebase_tim.o
                0x200000f8                htim1
 .bss.timerCount
                0x20000144        0x2 build/_icm20948.o
                0x20000144                timerCount
 *fill*         0x20000146        0x2 
 .bss.icm20948Config
                0x20000148       0x58 build/_icm20948.o
                0x20000148                icm20948Config
 .bss.debug_string
                0x200001a0       0x20 build/_icm20948.o
                0x200001a0                debug_string
 .bss.icm_rx_buffer
                0x200001c0       0x18 build/_icm20948.o
                0x200001c0                icm_rx_buffer
 .bss.icm_tx_buffer
                0x200001d8       0x18 build/_icm20948.o
                0x200001d8                icm_tx_buffer
 .bss.uwTick    0x200001f0        0x4 build/stm32f7xx_hal.o
                0x200001f0                uwTick
 .bss.uxSchedulerSuspended
                0x200001f4        0x4 build/tasks.o
 .bss.xNextTaskUnblockTime
                0x200001f8        0x4 build/tasks.o
 .bss.xNumOfOverflows
                0x200001fc        0x4 build/tasks.o
 .bss.xYieldPending
                0x20000200        0x4 build/tasks.o
 .bss.uxPendedTicks
                0x20000204        0x4 build/tasks.o
 .bss.uxTopReadyPriority
                0x20000208        0x4 build/tasks.o
 .bss.xTickCount
                0x2000020c        0x4 build/tasks.o
 .bss.pxOverflowDelayedTaskList
                0x20000210        0x4 build/tasks.o
 .bss.pxDelayedTaskList
                0x20000214        0x4 build/tasks.o
 .bss.pxReadyTasksLists
                0x20000218      0x460 build/tasks.o
 .bss.pxCurrentTCB
                0x20000678        0x4 build/tasks.o
                0x20000678                pxCurrentTCB
 *(COMMON)
                0x2000067c                        . = ALIGN (0x4)
                0x2000067c                        _ebss = .
                0x2000067c                        __bss_end__ = _ebss

._user_heap_stack
                0x2000067c      0x604 load address 0x08001b74
                0x20000680                        . = ALIGN (0x8)
 *fill*         0x2000067c        0x4 
                [!provide]                        PROVIDE (end = .)
                0x20000680                        PROVIDE (_end = .)
                0x20000880                        . = (. + _Min_Heap_Size)
 *fill*         0x20000680      0x200 
                0x20000c80                        . = (. + _Min_Stack_Size)
 *fill*         0x20000880      0x400 
                0x20000c80                        . = ALIGN (0x8)

/DISCARD/
 libc.a(*)
 libm.a(*)
 libgcc.a(*)
OUTPUT(build/ahrs1.elf elf32-littlearm)
LOAD linker stubs
LOAD /usr/lib/gcc/arm-none-eabi/15.2.0/../../../../arm-none-eabi/lib/thumb/v7e-m+dp/hard/libc.a
LOAD /usr/lib/gcc/arm-none-eabi/15.2.0/../../../../arm-none-eabi/lib/thumb/v7e-m+dp/hard/libm.a
LOAD /usr/lib/gcc/arm-none-eabi/15.2.0/thumb/v7e-m+dp/hard/libgcc.a

.ARM.attributes
                0x00000000       0x2e
 .ARM.attributes
                0x00000000       0x20 /usr/lib/gcc/arm-none-eabi/15.2.0/thumb/v7e-m+dp/hard/crti.o
 .ARM.attributes
                0x00000020       0x32 /usr/lib/gcc/arm-none-eabi/15.2.0/thumb/v7e-m+dp/hard/crtbegin.o
 .ARM.attributes
                0x00000052       0x32 build/main.o
 .ARM.attributes
                0x00000084       0x32 build/usart.o
 .ARM.attributes
                0x000000b6       0x32 build/stm32f7xx_it.o
 .ARM.attributes
                0x000000e8       0x32 build/stm32f7xx_hal_msp.o
 .ARM.attributes
                0x0000011a       0x32 build/stm32f7xx_hal_timebase_tim.o
 .ARM.attributes
                0x0000014c       0x32 build/_icm20948.o
 .ARM.attributes
                0x0000017e       0x32 build/stm32f7xx_hal_tim.o
 .ARM.attributes
                0x000001b0       0x32 build/stm32f7xx_hal_tim_ex.o
 .ARM.attributes
                0x000001e2       0x32 build/stm32f7xx_ll_gpio.o
 .ARM.attributes
                0x00000214       0x32 build/stm32f7xx_ll_utils.o
 .ARM.attributes
                0x00000246       0x32 build/stm32f7xx_ll_exti.o
 .ARM.attributes
                0x00000278       0x32 build/stm32f7xx_hal_rcc.o
 .ARM.attributes
                0x000002aa       0x32 build/stm32f7xx_hal_gpio.o
 .ARM.attributes
                0x000002dc       0x32 build/stm32f7xx_hal_cortex.o
 .ARM.attributes
                0x0000030e       0x32 build/stm32f7xx_hal.o
 .ARM.attributes
                0x00000340       0x32 build/system_stm32f7xx.o
 .ARM.attributes
                0x00000372       0x32 build/list.o
 .ARM.attributes
                0x000003a4       0x32 build/tasks.o
 .ARM.attributes
                0x000003d6       0x32 build/port.o
 .ARM.attributes
                0x00000408       0x21 build/startup_stm32f767xx.o
 .ARM.attributes
                0x00000429       0x32 /usr/lib/gcc/arm-none-eabi/15.2.0/../../../../arm-none-eabi/lib/thumb/v7e-m+dp/hard/libc_nano.a(libc_a-init.o)
 .ARM.attributes
                0x0000045b       0x32 /usr/lib/gcc/arm-none-eabi/15.2.0/thumb/v7e-m+dp/hard/crtend.o
 .ARM.attributes
                0x0000048d       0x20 /usr/lib/gcc/arm-none-eabi/15.2.0/thumb/v7e-m+dp/hard/crtn.o

.comment        0x00000000       0x46
 .comment       0x00000000       0x46 /usr/lib/gcc/arm-none-eabi/15.2.0/thumb/v7e-m+dp/hard/crtbegin.o
                                 0x24 (size before relaxing)
 .comment       0x00000046        0x0 build/main.o
                                 0x24 (size before relaxing)
 .comment       0x00000046        0x0 build/usart.o
                                 0x24 (size before relaxing)
 .comment       0x00000046        0x0 build/stm32f7xx_it.o
                                 0x24 (size before relaxing)
 .comment       0x00000046        0x0 build/stm32f7xx_hal_msp.o
                                 0x24 (size before relaxing)
 .comment       0x00000046        0x0 build/stm32f7xx_hal_timebase_tim.o
                                 0x24 (size before relaxing)
 .comment       0x00000046        0x0 build/_icm20948.o
                                 0x24 (size before relaxing)
 .comment       0x00000046        0x0 build/stm32f7xx_hal_tim.o
                                 0x24 (size before relaxing)
 .comment       0x00000046        0x0 build/stm32f7xx_hal_tim_ex.o
                                 0x24 (size before relaxing)
 .comment       0x00000046        0x0 build/stm32f7xx_ll_gpio.o
                                 0x24 (size before relaxing)
 .comment       0x00000046        0x0 build/stm32f7xx_ll_utils.o
                                 0x24 (size before relaxing)
 .comment       0x00000046        0x0 build/stm32f7xx_ll_exti.o
                                 0x24 (size before relaxing)
 .comment       0x00000046        0x0 build/stm32f7xx_hal_rcc.o
                                 0x24 (size before relaxing)
 .comment       0x00000046        0x0 build/stm32f7xx_hal_gpio.o
                                 0x24 (size before relaxing)
 .comment       0x00000046        0x0 build/stm32f7xx_hal_cortex.o
                                 0x24 (size before relaxing)
 .comment       0x00000046        0x0 build/stm32f7xx_hal.o
                                 0x24 (size before relaxing)
 .comment       0x00000046        0x0 build/system_stm32f7xx.o
                                 0x24 (size before relaxing)
 .comment       0x00000046        0x0 build/list.o
                                 0x24 (size before relaxing)
 .comment       0x00000046        0x0 build/tasks.o
                                 0x24 (size before relaxing)
 .comment       0x00000046        0x0 build/port.o
                                 0x24 (size before relaxing)
 .comment       0x00000046        0x0 /usr/lib/gcc/arm-none-eabi/15.2.0/../../../../arm-none-eabi/lib/thumb/v7e-m+dp/hard/libc_nano.a(libc_a-init.o)
                                 0x24 (size before relaxing)
 .comment       0x00000046        0x0 /usr/lib/gcc/arm-none-eabi/15.2.0/thumb/v7e-m+dp/hard/crtend.o
                                 0x24 (size before relaxing)

.debug_info     0x00000000    0x16f93
 .debug_info    0x00000000     0x20da build/main.o
 .debug_info    0x000020da      0xd85 build/usart.o
 .debug_info    0x00002e5f      0x8a4 build/stm32f7xx_it.o
 .debug_info    0x00003703      0x6b1 build/stm32f7xx_hal_msp.o
 .debug_info    0x00003db4      0xf0b build/stm32f7xx_hal_timebase_tim.o
 .debug_info    0x00004cbf     0x2100 build/_icm20948.o
 .debug_info    0x00006dbf     0x440f build/stm32f7xx_hal_tim.o
 .debug_info    0x0000b1ce     0x2018 build/stm32f7xx_hal_tim_ex.o
 .debug_info    0x0000d1e6      0xd5d build/stm32f7xx_ll_gpio.o
 .debug_info    0x0000df43      0xde4 build/stm32f7xx_ll_utils.o
 .debug_info    0x0000ed27      0x542 build/stm32f7xx_ll_exti.o
 .debug_info    0x0000f269      0xd49 build/stm32f7xx_hal_rcc.o
 .debug_info    0x0000ffb2      0x891 build/stm32f7xx_hal_gpio.o
 .debug_info    0x00010843     0x147f build/stm32f7xx_hal_cortex.o
 .debug_info    0x00011cc2      0xc12 build/stm32f7xx_hal.o
 .debug_info    0x000128d4      0x802 build/system_stm32f7xx.o
 .debug_info    0x000130d6      0x31b build/list.o
 .debug_info    0x000133f1     0x34e0 build/tasks.o
 .debug_info    0x000168d1      0x582 build/port.o
 .debug_info    0x00016e53       0x30 build/startup_stm32f767xx.o
 .debug_info    0x00016e83      0x110 /usr/lib/gcc/arm-none-eabi/15.2.0/../../../../arm-none-eabi/lib/thumb/v7e-m+dp/hard/libc_nano.a(libc_a-init.o)

.debug_abbrev   0x00000000     0x332e
 .debug_abbrev  0x00000000      0x495 build/main.o
 .debug_abbrev  0x00000495      0x2c1 build/usart.o
 .debug_abbrev  0x00000756      0x195 build/stm32f7xx_it.o
 .debug_abbrev  0x000008eb      0x13a build/stm32f7xx_hal_msp.o
 .debug_abbrev  0x00000a25      0x22d build/stm32f7xx_hal_timebase_tim.o
 .debug_abbrev  0x00000c52      0x468 build/_icm20948.o
 .debug_abbrev  0x000010ba      0x2bd build/stm32f7xx_hal_tim.o
 .debug_abbrev  0x00001377      0x2b7 build/stm32f7xx_hal_tim_ex.o
 .debug_abbrev  0x0000162e      0x2a8 build/stm32f7xx_ll_gpio.o
 .debug_abbrev  0x000018d6      0x311 build/stm32f7xx_ll_utils.o
 .debug_abbrev  0x00001be7      0x1d9 build/stm32f7xx_ll_exti.o
 .debug_abbrev  0x00001dc0      0x301 build/stm32f7xx_hal_rcc.o
 .debug_abbrev  0x000020c1      0x23f build/stm32f7xx_hal_gpio.o
 .debug_abbrev  0x00002300      0x3ca build/stm32f7xx_hal_cortex.o
 .debug_abbrev  0x000026ca      0x244 build/stm32f7xx_hal.o
 .debug_abbrev  0x0000290e      0x12a build/system_stm32f7xx.o
 .debug_abbrev  0x00002a38      0x124 build/list.o
 .debug_abbrev  0x00002b5c      0x40c build/tasks.o
 .debug_abbrev  0x00002f68      0x2da build/port.o
 .debug_abbrev  0x00003242       0x1d build/startup_stm32f767xx.o
 .debug_abbrev  0x0000325f       0xcf /usr/lib/gcc/arm-none-eabi/15.2.0/../../../../arm-none-eabi/lib/thumb/v7e-m+dp/hard/libc_nano.a(libc_a-init.o)

.debug_loc      0x00000000     0xfbb8
 .debug_loc     0x00000000      0x587 build/main.o
 .debug_loc     0x00000587      0x1ba build/usart.o
 .debug_loc     0x00000741       0x20 build/stm32f7xx_it.o
 .debug_loc     0x00000761       0x38 build/stm32f7xx_hal_msp.o
 .debug_loc     0x00000799      0x131 build/stm32f7xx_hal_timebase_tim.o
 .debug_loc     0x000008ca      0x755 build/_icm20948.o
 .debug_loc     0x0000101f     0x6688 build/stm32f7xx_hal_tim.o
 .debug_loc     0x000076a7     0x28a1 build/stm32f7xx_hal_tim_ex.o
 .debug_loc     0x00009f48      0x8b1 build/stm32f7xx_ll_gpio.o
 .debug_loc     0x0000a7f9      0x8a9 build/stm32f7xx_ll_utils.o
 .debug_loc     0x0000b0a2      0x30a build/stm32f7xx_ll_exti.o
 .debug_loc     0x0000b3ac      0x7f2 build/stm32f7xx_hal_rcc.o
 .debug_loc     0x0000bb9e      0x5d5 build/stm32f7xx_hal_gpio.o
 .debug_loc     0x0000c173      0x81d build/stm32f7xx_hal_cortex.o
 .debug_loc     0x0000c990      0x1f9 build/stm32f7xx_hal.o
 .debug_loc     0x0000cb89       0xb0 build/system_stm32f7xx.o
 .debug_loc     0x0000cc39      0x122 build/list.o
 .debug_loc     0x0000cd5b     0x2cdb build/tasks.o
 .debug_loc     0x0000fa36      0x182 build/port.o

.debug_aranges  0x00000000      0xe50
 .debug_aranges
                0x00000000       0x60 build/main.o
 .debug_aranges
                0x00000060       0x58 build/usart.o
 .debug_aranges
                0x000000b8       0x50 build/stm32f7xx_it.o
 .debug_aranges
                0x00000108       0x20 build/stm32f7xx_hal_msp.o
 .debug_aranges
                0x00000128       0x30 build/stm32f7xx_hal_timebase_tim.o
 .debug_aranges
                0x00000158       0xa0 build/_icm20948.o
 .debug_aranges
                0x000001f8      0x3e0 build/stm32f7xx_hal_tim.o
 .debug_aranges
                0x000005d8      0x180 build/stm32f7xx_hal_tim_ex.o
 .debug_aranges
                0x00000758       0x58 build/stm32f7xx_ll_gpio.o
 .debug_aranges
                0x000007b0       0x60 build/stm32f7xx_ll_utils.o
 .debug_aranges
                0x00000810       0x30 build/stm32f7xx_ll_exti.o
 .debug_aranges
                0x00000840       0x88 build/stm32f7xx_hal_rcc.o
 .debug_aranges
                0x000008c8       0x58 build/stm32f7xx_hal_gpio.o
 .debug_aranges
                0x00000920       0xe8 build/stm32f7xx_hal_cortex.o
 .debug_aranges
                0x00000a08      0x110 build/stm32f7xx_hal.o
 .debug_aranges
                0x00000b18       0x28 build/system_stm32f7xx.o
 .debug_aranges
                0x00000b40       0x40 build/list.o
 .debug_aranges
                0x00000b80      0x208 build/tasks.o
 .debug_aranges
                0x00000d88       0x80 build/port.o
 .debug_aranges
                0x00000e08       0x28 build/startup_stm32f767xx.o
 .debug_aranges
                0x00000e30       0x20 /usr/lib/gcc/arm-none-eabi/15.2.0/../../../../arm-none-eabi/lib/thumb/v7e-m+dp/hard/libc_nano.a(libc_a-init.o)

.debug_ranges   0x00000000      0xfc0
 .debug_ranges  0x00000000       0x50 build/main.o
 .debug_ranges  0x00000050       0x48 build/usart.o
 .debug_ranges  0x00000098       0x40 build/stm32f7xx_it.o
 .debug_ranges  0x000000d8       0x10 build/stm32f7xx_hal_msp.o
 .debug_ranges  0x000000e8       0x20 build/stm32f7xx_hal_timebase_tim.o
 .debug_ranges  0x00000108       0x90 build/_icm20948.o
 .debug_ranges  0x00000198      0x3d0 build/stm32f7xx_hal_tim.o
 .debug_ranges  0x00000568      0x170 build/stm32f7xx_hal_tim_ex.o
 .debug_ranges  0x000006d8      0x150 build/stm32f7xx_ll_gpio.o
 .debug_ranges  0x00000828       0x50 build/stm32f7xx_ll_utils.o
 .debug_ranges  0x00000878       0x98 build/stm32f7xx_ll_exti.o
 .debug_ranges  0x00000910       0x78 build/stm32f7xx_hal_rcc.o
 .debug_ranges  0x00000988       0x48 build/stm32f7xx_hal_gpio.o
 .debug_ranges  0x000009d0       0xd8 build/stm32f7xx_hal_cortex.o
 .debug_ranges  0x00000aa8      0x100 build/stm32f7xx_hal.o
 .debug_ranges  0x00000ba8       0x18 build/system_stm32f7xx.o
 .debug_ranges  0x00000bc0       0x30 build/list.o
 .debug_ranges  0x00000bf0      0x340 build/tasks.o
 .debug_ranges  0x00000f30       0x70 build/port.o
 .debug_ranges  0x00000fa0       0x20 build/startup_stm32f767xx.o

.debug_line     0x00000000     0xecde
 .debug_line    0x00000000      0x9f3 build/main.o
 .debug_line    0x000009f3      0x4cf build/usart.o
 .debug_line    0x00000ec2      0x213 build/stm32f7xx_it.o
 .debug_line    0x000010d5      0x166 build/stm32f7xx_hal_msp.o
 .debug_line    0x0000123b      0x279 build/stm32f7xx_hal_timebase_tim.o
 .debug_line    0x000014b4      0xb46 build/_icm20948.o
 .debug_line    0x00001ffa     0x4c17 build/stm32f7xx_hal_tim.o
 .debug_line    0x00006c11     0x1b3f build/stm32f7xx_hal_tim_ex.o
 .debug_line    0x00008750      0x79a build/stm32f7xx_ll_gpio.o
 .debug_line    0x00008eea      0x7c5 build/stm32f7xx_ll_utils.o
 .debug_line    0x000096af      0x397 build/stm32f7xx_ll_exti.o
 .debug_line    0x00009a46      0xd47 build/stm32f7xx_hal_rcc.o
 .debug_line    0x0000a78d      0x6cb build/stm32f7xx_hal_gpio.o
 .debug_line    0x0000ae58      0x7b6 build/stm32f7xx_hal_cortex.o
 .debug_line    0x0000b60e      0x577 build/stm32f7xx_hal.o
 .debug_line    0x0000bb85      0x1f3 build/system_stm32f7xx.o
 .debug_line    0x0000bd78      0x2f9 build/list.o
 .debug_line    0x0000c071     0x25e6 build/tasks.o
 .debug_line    0x0000e657      0x513 build/port.o
 .debug_line    0x0000eb6a       0x73 build/startup_stm32f767xx.o
 .debug_line    0x0000ebdd      0x101 /usr/lib/gcc/arm-none-eabi/15.2.0/../../../../arm-none-eabi/lib/thumb/v7e-m+dp/hard/libc_nano.a(libc_a-init.o)

.debug_str      0x00000000     0x5a75
 .debug_str     0x00000000     0x5a75 build/main.o
                               0x1403 (size before relaxing)
 .debug_str     0x00005a75        0x0 build/usart.o
                                0xb8c (size before relaxing)
 .debug_str     0x00005a75        0x0 build/stm32f7xx_it.o
                                0x7b3 (size before relaxing)
 .debug_str     0x00005a75        0x0 build/stm32f7xx_hal_msp.o
                                0x948 (size before relaxing)
 .debug_str     0x00005a75        0x0 build/stm32f7xx_hal_timebase_tim.o
                                0xfce (size before relaxing)
 .debug_str     0x00005a75        0x0 build/_icm20948.o
                                0xf10 (size before relaxing)
 .debug_str     0x00005a75        0x0 build/stm32f7xx_hal_tim.o
                               0x1740 (size before relaxing)
 .debug_str     0x00005a75        0x0 build/stm32f7xx_hal_tim_ex.o
                               0x1046 (size before relaxing)
 .debug_str     0x00005a75        0x0 build/stm32f7xx_ll_gpio.o
                                0x468 (size before relaxing)
 .debug_str     0x00005a75        0x0 build/stm32f7xx_ll_utils.o
                                0x73d (size before relaxing)
 .debug_str     0x00005a75        0x0 build/stm32f7xx_ll_exti.o
                                0x350 (size before relaxing)
 .debug_str     0x00005a75        0x0 build/stm32f7xx_hal_rcc.o
                                0x6f9 (size before relaxing)
 .debug_str     0x00005a75        0x0 build/stm32f7xx_hal_gpio.o
                                0x4bf (size before relaxing)
 .debug_str     0x00005a75        0x0 build/stm32f7xx_hal_cortex.o
                                0xe3f (size before relaxing)
 .debug_str     0x00005a75        0x0 build/stm32f7xx_hal.o
                                0xcfd (size before relaxing)
 .debug_str     0x00005a75        0x0 build/system_stm32f7xx.o
                                0x41d (size before relaxing)
 .debug_str     0x00005a75        0x0 build/list.o
                                0x2c4 (size before relaxing)
 .debug_str     0x00005a75        0x0 build/tasks.o
                               0x12c7 (size before relaxing)
 .debug_str     0x00005a75        0x0 build/port.o
                                0x444 (size before relaxing)
 .debug_str     0x00005a75        0x0 build/startup_stm32f767xx.o
                                 0x4b (size before relaxing)
 .debug_str     0x00005a75        0x0 /usr/lib/gcc/arm-none-eabi/15.2.0/../../../../arm-none-eabi/lib/thumb/v7e-m+dp/hard/libc_nano.a(libc_a-init.o)
                                0x243 (size before relaxing)

.debug_frame    0x00000000     0x23c8
 .debug_frame   0x00000000       0xec build/main.o
 .debug_frame   0x000000ec       0xb4 build/usart.o
 .debug_frame   0x000001a0       0x88 build/stm32f7xx_it.o
 .debug_frame   0x00000228       0x2c build/stm32f7xx_hal_msp.o
 .debug_frame   0x00000254       0x54 build/stm32f7xx_hal_timebase_tim.o
 .debug_frame   0x000002a8      0x164 build/_icm20948.o
 .debug_frame   0x0000040c      0xaf0 build/stm32f7xx_hal_tim.o
 .debug_frame   0x00000efc      0x43c build/stm32f7xx_hal_tim_ex.o
 .debug_frame   0x00001338       0xc8 build/stm32f7xx_ll_gpio.o
 .debug_frame   0x00001400       0xd0 build/stm32f7xx_ll_utils.o
 .debug_frame   0x000014d0       0x50 build/stm32f7xx_ll_exti.o
 .debug_frame   0x00001520      0x178 build/stm32f7xx_hal_rcc.o
 .debug_frame   0x00001698       0xd0 build/stm32f7xx_hal_gpio.o
 .debug_frame   0x00001768      0x1ec build/stm32f7xx_hal_cortex.o
 .debug_frame   0x00001954      0x22c build/stm32f7xx_hal.o
 .debug_frame   0x00001b80       0x30 build/system_stm32f7xx.o
 .debug_frame   0x00001bb0       0x6c build/list.o
 .debug_frame   0x00001c1c      0x680 build/tasks.o
 .debug_frame   0x0000229c      0x100 build/port.o
 .debug_frame   0x0000239c       0x2c /usr/lib/gcc/arm-none-eabi/15.2.0/../../../../arm-none-eabi/lib/thumb/v7e-m+dp/hard/libc_nano.a(libc_a-init.o)

.debug_loclists
                0x00000000       0x48
 .debug_loclists
                0x00000000       0x48 /usr/lib/gcc/arm-none-eabi/15.2.0/../../../../arm-none-eabi/lib/thumb/v7e-m+dp/hard/libc_nano.a(libc_a-init.o)

.debug_rnglists
                0x00000000       0x13
 .debug_rnglists
                0x00000000       0x13 /usr/lib/gcc/arm-none-eabi/15.2.0/../../../../arm-none-eabi/lib/thumb/v7e-m+dp/hard/libc_nano.a(libc_a-init.o)

Cross Reference Table

Symbol                                            File
ADC_IRQHandler                                    build/startup_stm32f767xx.o
AHBPrescTable                                     build/system_stm32f7xx.o
                                                  build/stm32f7xx_hal_rcc.o
                                                  build/stm32f7xx_ll_utils.o
                                                  build/stm32f7xx_ll_rcc.o
AHRS_GridInit                                     build/ahrs.o
AHRS_SectionGrid                                  build/ahrs.o
APBPrescTable                                     build/system_stm32f7xx.o
                                                  build/stm32f7xx_hal_rcc.o
                                                  build/stm32f7xx_ll_rcc.o
BusFault_Handler                                  build/stm32f7xx_it.o
CAN1_RX0_IRQHandler                               build/startup_stm32f767xx.o
CAN1_RX1_IRQHandler                               build/startup_stm32f767xx.o
CAN1_SCE_IRQHandler                               build/startup_stm32f767xx.o
CAN1_TX_IRQHandler                                build/startup_stm32f767xx.o
CAN2_RX0_IRQHandler                               build/startup_stm32f767xx.o
CAN2_RX1_IRQHandler                               build/startup_stm32f767xx.o
CAN2_SCE_IRQHandler                               build/startup_stm32f767xx.o
CAN2_TX_IRQHandler                                build/startup_stm32f767xx.o
CAN3_RX0_IRQHandler                               build/startup_stm32f767xx.o
CAN3_RX1_IRQHandler                               build/startup_stm32f767xx.o
CAN3_SCE_IRQHandler                               build/startup_stm32f767xx.o
CAN3_TX_IRQHandler                                build/startup_stm32f767xx.o
CEC_IRQHandler                                    build/startup_stm32f767xx.o
DCMI_IRQHandler                                   build/startup_stm32f767xx.o
DFSDM1_FLT0_IRQHandler                            build/startup_stm32f767xx.o
DFSDM1_FLT1_IRQHandler                            build/startup_stm32f767xx.o
DFSDM1_FLT2_IRQHandler                            build/startup_stm32f767xx.o
DFSDM1_FLT3_IRQHandler                            build/startup_stm32f767xx.o
DMA1_Stream0_IRQHandler                           build/startup_stm32f767xx.o
DMA1_Stream1_IRQHandler                           build/usart.o
DMA1_Stream2_IRQHandler                           build/startup_stm32f767xx.o
DMA1_Stream3_IRQHandler                           build/usart.o
DMA1_Stream4_IRQHandler                           build/startup_stm32f767xx.o
DMA1_Stream5_IRQHandler                           build/startup_stm32f767xx.o
DMA1_Stream6_IRQHandler                           build/startup_stm32f767xx.o
DMA1_Stream7_IRQHandler                           build/startup_stm32f767xx.o
DMA2D_IRQHandler                                  build/startup_stm32f767xx.o
DMA2_Stream0_IRQHandler                           build/startup_stm32f767xx.o
DMA2_Stream1_IRQHandler                           build/startup_stm32f767xx.o
DMA2_Stream2_IRQHandler                           build/_icm20948.o
DMA2_Stream3_IRQHandler                           build/_icm20948.o
DMA2_Stream4_IRQHandler                           build/startup_stm32f767xx.o
DMA2_Stream5_IRQHandler                           build/startup_stm32f767xx.o
DMA2_Stream6_IRQHandler                           build/startup_stm32f767xx.o
DMA2_Stream7_IRQHandler                           build/startup_stm32f767xx.o
DebugMon_Handler                                  build/stm32f7xx_it.o
Default_Handler                                   build/startup_stm32f767xx.o
Dma_Mpu_Config_Callback                           build/_icm20948.o
Dma_Transmit_Callback                             build/_icm20948.o
ETH_IRQHandler                                    build/startup_stm32f767xx.o
ETH_WKUP_IRQHandler                               build/startup_stm32f767xx.o
EXTI0_IRQHandler                                  build/startup_stm32f767xx.o
EXTI15_10_IRQHandler                              build/startup_stm32f767xx.o
EXTI1_IRQHandler                                  build/startup_stm32f767xx.o
EXTI2_IRQHandler                                  build/startup_stm32f767xx.o
EXTI3_IRQHandler                                  build/startup_stm32f767xx.o
EXTI4_IRQHandler                                  build/startup_stm32f767xx.o
EXTI9_5_IRQHandler                                build/startup_stm32f767xx.o
Error_Handler                                     build/main.o
FLASH_Erase_Sector                                build/stm32f7xx_hal_flash_ex.o
                                                  build/stm32f7xx_hal_flash.o
FLASH_IRQHandler                                  build/startup_stm32f767xx.o
FLASH_WaitForLastOperation                        build/stm32f7xx_hal_flash.o
                                                  build/stm32f7xx_hal_flash_ex.o
FMC_IRQHandler                                    build/startup_stm32f767xx.o
FPU_IRQHandler                                    build/startup_stm32f767xx.o
HAL_DBGMCU_DisableDBGSleepMode                    build/stm32f7xx_hal.o
HAL_DBGMCU_DisableDBGStandbyMode                  build/stm32f7xx_hal.o
HAL_DBGMCU_DisableDBGStopMode                     build/stm32f7xx_hal.o
HAL_DBGMCU_EnableDBGSleepMode                     build/stm32f7xx_hal.o
HAL_DBGMCU_EnableDBGStandbyMode                   build/stm32f7xx_hal.o
HAL_DBGMCU_EnableDBGStopMode                      build/stm32f7xx_hal.o
HAL_DMAEx_ChangeMemory                            build/stm32f7xx_hal_dma_ex.o
HAL_DMAEx_MultiBufferStart                        build/stm32f7xx_hal_dma_ex.o
HAL_DMAEx_MultiBufferStart_IT                     build/stm32f7xx_hal_dma_ex.o
HAL_DMA_Abort                                     build/stm32f7xx_hal_dma.o
HAL_DMA_Abort_IT                                  build/stm32f7xx_hal_dma.o
                                                  build/stm32f7xx_hal_tim_ex.o
                                                  build/stm32f7xx_hal_tim.o
HAL_DMA_DeInit                                    build/stm32f7xx_hal_dma.o
HAL_DMA_GetError                                  build/stm32f7xx_hal_dma.o
HAL_DMA_GetState                                  build/stm32f7xx_hal_dma.o
HAL_DMA_IRQHandler                                build/stm32f7xx_hal_dma.o
HAL_DMA_Init                                      build/stm32f7xx_hal_dma.o
HAL_DMA_PollForTransfer                           build/stm32f7xx_hal_dma.o
HAL_DMA_RegisterCallback                          build/stm32f7xx_hal_dma.o
HAL_DMA_Start                                     build/stm32f7xx_hal_dma.o
HAL_DMA_Start_IT                                  build/stm32f7xx_hal_dma.o
                                                  build/stm32f7xx_hal_tim_ex.o
                                                  build/stm32f7xx_hal_tim.o
HAL_DMA_UnRegisterCallback                        build/stm32f7xx_hal_dma.o
HAL_DeInit                                        build/stm32f7xx_hal.o
HAL_Delay                                         build/stm32f7xx_hal.o
HAL_DisableCompensationCell                       build/stm32f7xx_hal.o
HAL_DisableFMCMemorySwapping                      build/stm32f7xx_hal.o
HAL_DisableMemorySwappingBank                     build/stm32f7xx_hal.o
HAL_EXTI_ClearConfigLine                          build/stm32f7xx_hal_exti.o
HAL_EXTI_ClearPending                             build/stm32f7xx_hal_exti.o
HAL_EXTI_GenerateSWI                              build/stm32f7xx_hal_exti.o
HAL_EXTI_GetConfigLine                            build/stm32f7xx_hal_exti.o
HAL_EXTI_GetHandle                                build/stm32f7xx_hal_exti.o
HAL_EXTI_GetPending                               build/stm32f7xx_hal_exti.o
HAL_EXTI_IRQHandler                               build/stm32f7xx_hal_exti.o
HAL_EXTI_RegisterCallback                         build/stm32f7xx_hal_exti.o
HAL_EXTI_SetConfigLine                            build/stm32f7xx_hal_exti.o
HAL_EnableCompensationCell                        build/stm32f7xx_hal.o
HAL_EnableFMCMemorySwapping                       build/stm32f7xx_hal.o
HAL_EnableMemorySwappingBank                      build/stm32f7xx_hal.o
HAL_FLASHEx_Erase                                 build/stm32f7xx_hal_flash_ex.o
HAL_FLASHEx_Erase_IT                              build/stm32f7xx_hal_flash_ex.o
HAL_FLASHEx_OBGetConfig                           build/stm32f7xx_hal_flash_ex.o
HAL_FLASHEx_OBProgram                             build/stm32f7xx_hal_flash_ex.o
HAL_FLASH_EndOfOperationCallback                  build/stm32f7xx_hal_flash.o
HAL_FLASH_GetError                                build/stm32f7xx_hal_flash.o
HAL_FLASH_IRQHandler                              build/stm32f7xx_hal_flash.o
HAL_FLASH_Lock                                    build/stm32f7xx_hal_flash.o
HAL_FLASH_OB_Launch                               build/stm32f7xx_hal_flash.o
HAL_FLASH_OB_Lock                                 build/stm32f7xx_hal_flash.o
HAL_FLASH_OB_Unlock                               build/stm32f7xx_hal_flash.o
HAL_FLASH_OperationErrorCallback                  build/stm32f7xx_hal_flash.o
HAL_FLASH_Program                                 build/stm32f7xx_hal_flash.o
HAL_FLASH_Program_IT                              build/stm32f7xx_hal_flash.o
HAL_FLASH_Unlock                                  build/stm32f7xx_hal_flash.o
HAL_GPIO_DeInit                                   build/stm32f7xx_hal_gpio.o
HAL_GPIO_EXTI_Callback                            build/stm32f7xx_hal_gpio.o
HAL_GPIO_EXTI_IRQHandler                          build/stm32f7xx_hal_gpio.o
HAL_GPIO_Init                                     build/stm32f7xx_hal_gpio.o
                                                  build/stm32f7xx_hal_rcc.o
HAL_GPIO_LockPin                                  build/stm32f7xx_hal_gpio.o
HAL_GPIO_ReadPin                                  build/stm32f7xx_hal_gpio.o
HAL_GPIO_TogglePin                                build/stm32f7xx_hal_gpio.o
                                                  build/usart.o
HAL_GPIO_WritePin                                 build/stm32f7xx_hal_gpio.o
HAL_GetDEVID                                      build/stm32f7xx_hal.o
HAL_GetHalVersion                                 build/stm32f7xx_hal.o
HAL_GetREVID                                      build/stm32f7xx_hal.o
HAL_GetTick                                       build/stm32f7xx_hal.o
                                                  build/stm32f7xx_hal_pwr_ex.o
                                                  build/stm32f7xx_hal_dma.o
                                                  build/stm32f7xx_hal_flash.o
                                                  build/stm32f7xx_hal_rcc_ex.o
                                                  build/stm32f7xx_hal_rcc.o
HAL_GetTickFreq                                   build/stm32f7xx_hal.o
HAL_GetTickPrio                                   build/stm32f7xx_hal.o
HAL_GetUIDw0                                      build/stm32f7xx_hal.o
HAL_GetUIDw1                                      build/stm32f7xx_hal.o
HAL_GetUIDw2                                      build/stm32f7xx_hal.o
HAL_IncTick                                       build/stm32f7xx_hal.o
                                                  build/main.o
HAL_Init                                          build/stm32f7xx_hal.o
                                                  build/main.o
HAL_InitTick                                      build/stm32f7xx_hal_timebase_tim.o
                                                  build/stm32f7xx_hal_rcc.o
                                                  build/main.o
HAL_MPU_ConfigRegion                              build/stm32f7xx_hal_cortex.o
HAL_MPU_Disable                                   build/stm32f7xx_hal_cortex.o
HAL_MPU_DisableRegion                             build/stm32f7xx_hal_cortex.o
HAL_MPU_Enable                                    build/stm32f7xx_hal_cortex.o
HAL_MPU_EnableRegion                              build/stm32f7xx_hal_cortex.o
HAL_MspDeInit                                     build/stm32f7xx_hal.o
HAL_MspInit                                       build/stm32f7xx_hal_msp.o
HAL_NVIC_ClearPendingIRQ                          build/stm32f7xx_hal_cortex.o
HAL_NVIC_DisableIRQ                               build/stm32f7xx_hal_cortex.o
HAL_NVIC_EnableIRQ                                build/stm32f7xx_hal_cortex.o
                                                  build/stm32f7xx_hal_timebase_tim.o
HAL_NVIC_GetActive                                build/stm32f7xx_hal_cortex.o
HAL_NVIC_GetPendingIRQ                            build/stm32f7xx_hal_cortex.o
HAL_NVIC_GetPriority                              build/stm32f7xx_hal_cortex.o
HAL_NVIC_GetPriorityGrouping                      build/stm32f7xx_hal_cortex.o
HAL_NVIC_SetPendingIRQ                            build/stm32f7xx_hal_cortex.o
HAL_NVIC_SetPriority                              build/stm32f7xx_hal_cortex.o
                                                  build/stm32f7xx_hal.o
                                                  build/stm32f7xx_hal_timebase_tim.o
                                                  build/stm32f7xx_hal_msp.o
HAL_NVIC_SetPriorityGrouping                      build/stm32f7xx_hal_cortex.o
                                                  build/stm32f7xx_hal.o
HAL_NVIC_SystemReset                              build/stm32f7xx_hal_cortex.o
HAL_PWREx_ControlVoltageScaling                   build/stm32f7xx_hal_pwr_ex.o
HAL_PWREx_DisableBkUpReg                          build/stm32f7xx_hal_pwr_ex.o
HAL_PWREx_DisableFlashPowerDown                   build/stm32f7xx_hal_pwr_ex.o
HAL_PWREx_DisableLowRegulatorLowVoltage           build/stm32f7xx_hal_pwr_ex.o
HAL_PWREx_DisableMainRegulatorLowVoltage          build/stm32f7xx_hal_pwr_ex.o
HAL_PWREx_DisableOverDrive                        build/stm32f7xx_hal_pwr_ex.o
HAL_PWREx_EnableBkUpReg                           build/stm32f7xx_hal_pwr_ex.o
HAL_PWREx_EnableFlashPowerDown                    build/stm32f7xx_hal_pwr_ex.o
HAL_PWREx_EnableLowRegulatorLowVoltage            build/stm32f7xx_hal_pwr_ex.o
HAL_PWREx_EnableMainRegulatorLowVoltage           build/stm32f7xx_hal_pwr_ex.o
HAL_PWREx_EnableOverDrive                         build/stm32f7xx_hal_pwr_ex.o
HAL_PWREx_EnterUnderDriveSTOPMode                 build/stm32f7xx_hal_pwr_ex.o
HAL_PWREx_GetVoltageRange                         build/stm32f7xx_hal_pwr_ex.o
HAL_PWR_ConfigPVD                                 build/stm32f7xx_hal_pwr.o
HAL_PWR_DeInit                                    build/stm32f7xx_hal_pwr.o
HAL_PWR_DisableBkUpAccess                         build/stm32f7xx_hal_pwr.o
HAL_PWR_DisablePVD                                build/stm32f7xx_hal_pwr.o
HAL_PWR_DisableSEVOnPend                          build/stm32f7xx_hal_pwr.o
HAL_PWR_DisableSleepOnExit                        build/stm32f7xx_hal_pwr.o
HAL_PWR_DisableWakeUpPin                          build/stm32f7xx_hal_pwr.o
HAL_PWR_EnableBkUpAccess                          build/stm32f7xx_hal_pwr.o
HAL_PWR_EnablePVD                                 build/stm32f7xx_hal_pwr.o
HAL_PWR_EnableSEVOnPend                           build/stm32f7xx_hal_pwr.o
HAL_PWR_EnableSleepOnExit                         build/stm32f7xx_hal_pwr.o
HAL_PWR_EnableWakeUpPin                           build/stm32f7xx_hal_pwr.o
HAL_PWR_EnterSLEEPMode                            build/stm32f7xx_hal_pwr.o
HAL_PWR_EnterSTANDBYMode                          build/stm32f7xx_hal_pwr.o
HAL_PWR_EnterSTOPMode                             build/stm32f7xx_hal_pwr.o
HAL_PWR_PVDCallback                               build/stm32f7xx_hal_pwr.o
HAL_PWR_PVD_IRQHandler                            build/stm32f7xx_hal_pwr.o
HAL_RCCEx_DisablePLLI2S                           build/stm32f7xx_hal_rcc_ex.o
HAL_RCCEx_DisablePLLSAI                           build/stm32f7xx_hal_rcc_ex.o
HAL_RCCEx_EnablePLLI2S                            build/stm32f7xx_hal_rcc_ex.o
HAL_RCCEx_EnablePLLSAI                            build/stm32f7xx_hal_rcc_ex.o
HAL_RCCEx_GetPeriphCLKConfig                      build/stm32f7xx_hal_rcc_ex.o
HAL_RCCEx_GetPeriphCLKFreq                        build/stm32f7xx_hal_rcc_ex.o
HAL_RCCEx_PeriphCLKConfig                         build/stm32f7xx_hal_rcc_ex.o
HAL_RCC_CSSCallback                               build/stm32f7xx_hal_rcc.o
HAL_RCC_ClockConfig                               build/stm32f7xx_hal_rcc.o
HAL_RCC_DeInit                                    build/stm32f7xx_hal_rcc.o
HAL_RCC_DisableCSS                                build/stm32f7xx_hal_rcc.o
HAL_RCC_EnableCSS                                 build/stm32f7xx_hal_rcc.o
HAL_RCC_GetClockConfig                            build/stm32f7xx_hal_rcc.o
                                                  build/stm32f7xx_hal_timebase_tim.o
HAL_RCC_GetHCLKFreq                               build/stm32f7xx_hal_rcc.o
HAL_RCC_GetOscConfig                              build/stm32f7xx_hal_rcc.o
HAL_RCC_GetPCLK1Freq                              build/stm32f7xx_hal_rcc.o
HAL_RCC_GetPCLK2Freq                              build/stm32f7xx_hal_rcc.o
                                                  build/stm32f7xx_hal_timebase_tim.o
HAL_RCC_GetSysClockFreq                           build/stm32f7xx_hal_rcc.o
HAL_RCC_MCOConfig                                 build/stm32f7xx_hal_rcc.o
HAL_RCC_NMI_IRQHandler                            build/stm32f7xx_hal_rcc.o
HAL_RCC_OscConfig                                 build/stm32f7xx_hal_rcc.o
HAL_ResumeTick                                    build/stm32f7xx_hal_timebase_tim.o
HAL_SYSTICK_CLKSourceConfig                       build/stm32f7xx_hal_cortex.o
HAL_SYSTICK_Callback                              build/stm32f7xx_hal_cortex.o
HAL_SYSTICK_Config                                build/stm32f7xx_hal_cortex.o
                                                  build/stm32f7xx_hal.o
HAL_SYSTICK_IRQHandler                            build/stm32f7xx_hal_cortex.o
HAL_SetTickFreq                                   build/stm32f7xx_hal.o
HAL_SuspendTick                                   build/stm32f7xx_hal_timebase_tim.o
HAL_TIMEx_Break2Callback                          build/stm32f7xx_hal_tim_ex.o
                                                  build/stm32f7xx_hal_tim.o
HAL_TIMEx_BreakCallback                           build/stm32f7xx_hal_tim_ex.o
                                                  build/stm32f7xx_hal_tim.o
HAL_TIMEx_CommutCallback                          build/stm32f7xx_hal_tim_ex.o
                                                  build/stm32f7xx_hal_tim.o
HAL_TIMEx_CommutHalfCpltCallback                  build/stm32f7xx_hal_tim_ex.o
HAL_TIMEx_ConfigBreakDeadTime                     build/stm32f7xx_hal_tim_ex.o
HAL_TIMEx_ConfigBreakInput                        build/stm32f7xx_hal_tim_ex.o
HAL_TIMEx_ConfigCommutEvent                       build/stm32f7xx_hal_tim_ex.o
HAL_TIMEx_ConfigCommutEvent_DMA                   build/stm32f7xx_hal_tim_ex.o
HAL_TIMEx_ConfigCommutEvent_IT                    build/stm32f7xx_hal_tim_ex.o
HAL_TIMEx_GetChannelNState                        build/stm32f7xx_hal_tim_ex.o
HAL_TIMEx_GroupChannel5                           build/stm32f7xx_hal_tim_ex.o
HAL_TIMEx_HallSensor_DeInit                       build/stm32f7xx_hal_tim_ex.o
HAL_TIMEx_HallSensor_GetState                     build/stm32f7xx_hal_tim_ex.o
HAL_TIMEx_HallSensor_Init                         build/stm32f7xx_hal_tim_ex.o
HAL_TIMEx_HallSensor_MspDeInit                    build/stm32f7xx_hal_tim_ex.o
HAL_TIMEx_HallSensor_MspInit                      build/stm32f7xx_hal_tim_ex.o
HAL_TIMEx_HallSensor_Start                        build/stm32f7xx_hal_tim_ex.o
HAL_TIMEx_HallSensor_Start_DMA                    build/stm32f7xx_hal_tim_ex.o
HAL_TIMEx_HallSensor_Start_IT                     build/stm32f7xx_hal_tim_ex.o
HAL_TIMEx_HallSensor_Stop                         build/stm32f7xx_hal_tim_ex.o
HAL_TIMEx_HallSensor_Stop_DMA                     build/stm32f7xx_hal_tim_ex.o
HAL_TIMEx_HallSensor_Stop_IT                      build/stm32f7xx_hal_tim_ex.o
HAL_TIMEx_MasterConfigSynchronization             build/stm32f7xx_hal_tim_ex.o
HAL_TIMEx_OCN_Start                               build/stm32f7xx_hal_tim_ex.o
HAL_TIMEx_OCN_Start_DMA                           build/stm32f7xx_hal_tim_ex.o
HAL_TIMEx_OCN_Start_IT                            build/stm32f7xx_hal_tim_ex.o
HAL_TIMEx_OCN_Stop                                build/stm32f7xx_hal_tim_ex.o
HAL_TIMEx_OCN_Stop_DMA                            build/stm32f7xx_hal_tim_ex.o
HAL_TIMEx_OCN_Stop_IT                             build/stm32f7xx_hal_tim_ex.o
HAL_TIMEx_OnePulseN_Start                         build/stm32f7xx_hal_tim_ex.o
HAL_TIMEx_OnePulseN_Start_IT                      build/stm32f7xx_hal_tim_ex.o
HAL_TIMEx_OnePulseN_Stop                          build/stm32f7xx_hal_tim_ex.o
HAL_TIMEx_OnePulseN_Stop_IT                       build/stm32f7xx_hal_tim_ex.o
HAL_TIMEx_PWMN_Start                              build/stm32f7xx_hal_tim_ex.o
HAL_TIMEx_PWMN_Start_DMA                          build/stm32f7xx_hal_tim_ex.o
HAL_TIMEx_PWMN_Start_IT                           build/stm32f7xx_hal_tim_ex.o
HAL_TIMEx_PWMN_Stop                               build/stm32f7xx_hal_tim_ex.o
HAL_TIMEx_PWMN_Stop_DMA                           build/stm32f7xx_hal_tim_ex.o
HAL_TIMEx_PWMN_Stop_IT                            build/stm32f7xx_hal_tim_ex.o
HAL_TIMEx_RemapConfig                             build/stm32f7xx_hal_tim_ex.o
HAL_TIM_Base_DeInit                               build/stm32f7xx_hal_tim.o
HAL_TIM_Base_GetState                             build/stm32f7xx_hal_tim.o
HAL_TIM_Base_Init                                 build/stm32f7xx_hal_tim.o
                                                  build/stm32f7xx_hal_timebase_tim.o
HAL_TIM_Base_MspDeInit                            build/stm32f7xx_hal_tim.o
HAL_TIM_Base_MspInit                              build/stm32f7xx_hal_tim.o
HAL_TIM_Base_Start                                build/stm32f7xx_hal_tim.o
HAL_TIM_Base_Start_DMA                            build/stm32f7xx_hal_tim.o
HAL_TIM_Base_Start_IT                             build/stm32f7xx_hal_tim.o
                                                  build/stm32f7xx_hal_timebase_tim.o
HAL_TIM_Base_Stop                                 build/stm32f7xx_hal_tim.o
HAL_TIM_Base_Stop_DMA                             build/stm32f7xx_hal_tim.o
HAL_TIM_Base_Stop_IT                              build/stm32f7xx_hal_tim.o
HAL_TIM_ConfigClockSource                         build/stm32f7xx_hal_tim.o
HAL_TIM_ConfigOCrefClear                          build/stm32f7xx_hal_tim.o
HAL_TIM_ConfigTI1Input                            build/stm32f7xx_hal_tim.o
HAL_TIM_DMABurstState                             build/stm32f7xx_hal_tim.o
HAL_TIM_DMABurst_MultiReadStart                   build/stm32f7xx_hal_tim.o
HAL_TIM_DMABurst_MultiWriteStart                  build/stm32f7xx_hal_tim.o
HAL_TIM_DMABurst_ReadStart                        build/stm32f7xx_hal_tim.o
HAL_TIM_DMABurst_ReadStop                         build/stm32f7xx_hal_tim.o
HAL_TIM_DMABurst_WriteStart                       build/stm32f7xx_hal_tim.o
HAL_TIM_DMABurst_WriteStop                        build/stm32f7xx_hal_tim.o
HAL_TIM_Encoder_DeInit                            build/stm32f7xx_hal_tim.o
HAL_TIM_Encoder_GetState                          build/stm32f7xx_hal_tim.o
HAL_TIM_Encoder_Init                              build/stm32f7xx_hal_tim.o
HAL_TIM_Encoder_MspDeInit                         build/stm32f7xx_hal_tim.o
HAL_TIM_Encoder_MspInit                           build/stm32f7xx_hal_tim.o
HAL_TIM_Encoder_Start                             build/stm32f7xx_hal_tim.o
HAL_TIM_Encoder_Start_DMA                         build/stm32f7xx_hal_tim.o
HAL_TIM_Encoder_Start_IT                          build/stm32f7xx_hal_tim.o
HAL_TIM_Encoder_Stop                              build/stm32f7xx_hal_tim.o
HAL_TIM_Encoder_Stop_DMA                          build/stm32f7xx_hal_tim.o
HAL_TIM_Encoder_Stop_IT                           build/stm32f7xx_hal_tim.o
HAL_TIM_ErrorCallback                             build/stm32f7xx_hal_tim.o
                                                  build/stm32f7xx_hal_tim_ex.o
HAL_TIM_GenerateEvent                             build/stm32f7xx_hal_tim.o
HAL_TIM_GetActiveChannel                          build/stm32f7xx_hal_tim.o
HAL_TIM_GetChannelState                           build/stm32f7xx_hal_tim.o
HAL_TIM_IC_CaptureCallback                        build/stm32f7xx_hal_tim.o
HAL_TIM_IC_CaptureHalfCpltCallback                build/stm32f7xx_hal_tim.o
HAL_TIM_IC_ConfigChannel                          build/stm32f7xx_hal_tim.o
HAL_TIM_IC_DeInit                                 build/stm32f7xx_hal_tim.o
HAL_TIM_IC_GetState                               build/stm32f7xx_hal_tim.o
HAL_TIM_IC_Init                                   build/stm32f7xx_hal_tim.o
HAL_TIM_IC_MspDeInit                              build/stm32f7xx_hal_tim.o
HAL_TIM_IC_MspInit                                build/stm32f7xx_hal_tim.o
HAL_TIM_IC_Start                                  build/stm32f7xx_hal_tim.o
HAL_TIM_IC_Start_DMA                              build/stm32f7xx_hal_tim.o
HAL_TIM_IC_Start_IT                               build/stm32f7xx_hal_tim.o
HAL_TIM_IC_Stop                                   build/stm32f7xx_hal_tim.o
HAL_TIM_IC_Stop_DMA                               build/stm32f7xx_hal_tim.o
HAL_TIM_IC_Stop_IT                                build/stm32f7xx_hal_tim.o
HAL_TIM_IRQHandler                                build/stm32f7xx_hal_tim.o
                                                  build/stm32f7xx_it.o
HAL_TIM_OC_ConfigChannel                          build/stm32f7xx_hal_tim.o
HAL_TIM_OC_DeInit                                 build/stm32f7xx_hal_tim.o
HAL_TIM_OC_DelayElapsedCallback                   build/stm32f7xx_hal_tim.o
HAL_TIM_OC_GetState                               build/stm32f7xx_hal_tim.o
HAL_TIM_OC_Init                                   build/stm32f7xx_hal_tim.o
HAL_TIM_OC_MspDeInit                              build/stm32f7xx_hal_tim.o
HAL_TIM_OC_MspInit                                build/stm32f7xx_hal_tim.o
HAL_TIM_OC_Start                                  build/stm32f7xx_hal_tim.o
HAL_TIM_OC_Start_DMA                              build/stm32f7xx_hal_tim.o
HAL_TIM_OC_Start_IT                               build/stm32f7xx_hal_tim.o
HAL_TIM_OC_Stop                                   build/stm32f7xx_hal_tim.o
HAL_TIM_OC_Stop_DMA                               build/stm32f7xx_hal_tim.o
HAL_TIM_OC_Stop_IT                                build/stm32f7xx_hal_tim.o
HAL_TIM_OnePulse_ConfigChannel                    build/stm32f7xx_hal_tim.o
HAL_TIM_OnePulse_DeInit                           build/stm32f7xx_hal_tim.o
HAL_TIM_OnePulse_GetState                         build/stm32f7xx_hal_tim.o
HAL_TIM_OnePulse_Init                             build/stm32f7xx_hal_tim.o
HAL_TIM_OnePulse_MspDeInit                        build/stm32f7xx_hal_tim.o
HAL_TIM_OnePulse_MspInit                          build/stm32f7xx_hal_tim.o
HAL_TIM_OnePulse_Start                            build/stm32f7xx_hal_tim.o
HAL_TIM_OnePulse_Start_IT                         build/stm32f7xx_hal_tim.o
HAL_TIM_OnePulse_Stop                             build/stm32f7xx_hal_tim.o
HAL_TIM_OnePulse_Stop_IT                          build/stm32f7xx_hal_tim.o
HAL_TIM_PWM_ConfigChannel                         build/stm32f7xx_hal_tim.o
HAL_TIM_PWM_DeInit                                build/stm32f7xx_hal_tim.o
HAL_TIM_PWM_GetState                              build/stm32f7xx_hal_tim.o
HAL_TIM_PWM_Init                                  build/stm32f7xx_hal_tim.o
HAL_TIM_PWM_MspDeInit                             build/stm32f7xx_hal_tim.o
HAL_TIM_PWM_MspInit                               build/stm32f7xx_hal_tim.o
HAL_TIM_PWM_PulseFinishedCallback                 build/stm32f7xx_hal_tim.o
                                                  build/stm32f7xx_hal_tim_ex.o
HAL_TIM_PWM_PulseFinishedHalfCpltCallback         build/stm32f7xx_hal_tim.o
HAL_TIM_PWM_Start                                 build/stm32f7xx_hal_tim.o
HAL_TIM_PWM_Start_DMA                             build/stm32f7xx_hal_tim.o
HAL_TIM_PWM_Start_IT                              build/stm32f7xx_hal_tim.o
HAL_TIM_PWM_Stop                                  build/stm32f7xx_hal_tim.o
HAL_TIM_PWM_Stop_DMA                              build/stm32f7xx_hal_tim.o
HAL_TIM_PWM_Stop_IT                               build/stm32f7xx_hal_tim.o
HAL_TIM_PeriodElapsedCallback                     build/main.o
HAL_TIM_PeriodElapsedHalfCpltCallback             build/stm32f7xx_hal_tim.o
HAL_TIM_ReadCapturedValue                         build/stm32f7xx_hal_tim.o
HAL_TIM_SlaveConfigSynchro                        build/stm32f7xx_hal_tim.o
HAL_TIM_SlaveConfigSynchro_IT                     build/stm32f7xx_hal_tim.o
HAL_TIM_TriggerCallback                           build/stm32f7xx_hal_tim.o
HAL_TIM_TriggerHalfCpltCallback                   build/stm32f7xx_hal_tim.o
HardFault_Handler                                 build/stm32f7xx_it.o
I2C1_ER_IRQHandler                                build/startup_stm32f767xx.o
I2C1_EV_IRQHandler                                build/startup_stm32f767xx.o
I2C2_ER_IRQHandler                                build/startup_stm32f767xx.o
I2C2_EV_IRQHandler                                build/startup_stm32f767xx.o
I2C3_ER_IRQHandler                                build/startup_stm32f767xx.o
I2C3_EV_IRQHandler                                build/startup_stm32f767xx.o
I2C4_ER_IRQHandler                                build/startup_stm32f767xx.o
I2C4_EV_IRQHandler                                build/startup_stm32f767xx.o
JPEG_IRQHandler                                   build/startup_stm32f767xx.o
LL_DMA_DeInit                                     build/stm32f7xx_ll_dma.o
LL_DMA_Init                                       build/stm32f7xx_ll_dma.o
LL_DMA_StructInit                                 build/stm32f7xx_ll_dma.o
LL_EXTI_DeInit                                    build/stm32f7xx_ll_exti.o
LL_EXTI_Init                                      build/stm32f7xx_ll_exti.o
                                                  build/main.o
LL_EXTI_StructInit                                build/stm32f7xx_ll_exti.o
LL_GPIO_DeInit                                    build/stm32f7xx_ll_gpio.o
LL_GPIO_Init                                      build/stm32f7xx_ll_gpio.o
                                                  build/main.o
LL_GPIO_StructInit                                build/stm32f7xx_ll_gpio.o
LL_Init1msTick                                    build/stm32f7xx_ll_utils.o
LL_PLL_ConfigSystemClock_HSE                      build/stm32f7xx_ll_utils.o
LL_PLL_ConfigSystemClock_HSI                      build/stm32f7xx_ll_utils.o
LL_RCC_DeInit                                     build/stm32f7xx_ll_rcc.o
LL_RCC_GetCECClockFreq                            build/stm32f7xx_ll_rcc.o
LL_RCC_GetDFSDMAudioClockFreq                     build/stm32f7xx_ll_rcc.o
LL_RCC_GetDFSDMClockFreq                          build/stm32f7xx_ll_rcc.o
LL_RCC_GetI2CClockFreq                            build/stm32f7xx_ll_rcc.o
LL_RCC_GetI2SClockFreq                            build/stm32f7xx_ll_rcc.o
LL_RCC_GetLPTIMClockFreq                          build/stm32f7xx_ll_rcc.o
LL_RCC_GetLTDCClockFreq                           build/stm32f7xx_ll_rcc.o
LL_RCC_GetRNGClockFreq                            build/stm32f7xx_ll_rcc.o
LL_RCC_GetSAIClockFreq                            build/stm32f7xx_ll_rcc.o
LL_RCC_GetSDMMCClockFreq                          build/stm32f7xx_ll_rcc.o
LL_RCC_GetSPDIFRXClockFreq                        build/stm32f7xx_ll_rcc.o
LL_RCC_GetSystemClocksFreq                        build/stm32f7xx_ll_rcc.o
LL_RCC_GetUARTClockFreq                           build/stm32f7xx_ll_rcc.o
                                                  build/stm32f7xx_ll_usart.o
LL_RCC_GetUSARTClockFreq                          build/stm32f7xx_ll_rcc.o
                                                  build/stm32f7xx_ll_usart.o
LL_RCC_GetUSBClockFreq                            build/stm32f7xx_ll_rcc.o
LL_SetFlashLatency                                build/stm32f7xx_ll_utils.o
LL_SetSystemCoreClock                             build/stm32f7xx_ll_utils.o
                                                  build/main.o
LL_USART_ClockInit                                build/stm32f7xx_ll_usart.o
LL_USART_ClockStructInit                          build/stm32f7xx_ll_usart.o
LL_USART_DeInit                                   build/stm32f7xx_ll_usart.o
LL_USART_Init                                     build/stm32f7xx_ll_usart.o
LL_USART_StructInit                               build/stm32f7xx_ll_usart.o
LL_mDelay                                         build/stm32f7xx_ll_utils.o
LPTIM1_IRQHandler                                 build/startup_stm32f767xx.o
LTDC_ER_IRQHandler                                build/startup_stm32f767xx.o
LTDC_IRQHandler                                   build/startup_stm32f767xx.o
MDIOS_IRQHandler                                  build/startup_stm32f767xx.o
MemManage_Handler                                 build/stm32f7xx_it.o
NMI_Handler                                       build/stm32f7xx_it.o
OTG_FS_IRQHandler                                 build/startup_stm32f767xx.o
OTG_FS_WKUP_IRQHandler                            build/startup_stm32f767xx.o
OTG_HS_EP1_IN_IRQHandler                          build/startup_stm32f767xx.o
OTG_HS_EP1_OUT_IRQHandler                         build/startup_stm32f767xx.o
OTG_HS_IRQHandler                                 build/startup_stm32f767xx.o
OTG_HS_WKUP_IRQHandler                            build/startup_stm32f767xx.o
PVD_IRQHandler                                    build/startup_stm32f767xx.o
PendSV_Handler                                    build/port.o
QUADSPI_IRQHandler                                build/startup_stm32f767xx.o
RCC_GetHCLKClockFreq                              build/stm32f7xx_ll_rcc.o
RCC_GetPCLK1ClockFreq                             build/stm32f7xx_ll_rcc.o
RCC_GetPCLK2ClockFreq                             build/stm32f7xx_ll_rcc.o
RCC_GetSystemClockFreq                            build/stm32f7xx_ll_rcc.o
RCC_IRQHandler                                    build/startup_stm32f767xx.o
RCC_PLLI2S_GetFreqDomain_I2S                      build/stm32f7xx_ll_rcc.o
RCC_PLLI2S_GetFreqDomain_SAI                      build/stm32f7xx_ll_rcc.o
RCC_PLLI2S_GetFreqDomain_SPDIFRX                  build/stm32f7xx_ll_rcc.o
RCC_PLLSAI_GetFreqDomain_48M                      build/stm32f7xx_ll_rcc.o
RCC_PLLSAI_GetFreqDomain_LTDC                     build/stm32f7xx_ll_rcc.o
RCC_PLLSAI_GetFreqDomain_SAI                      build/stm32f7xx_ll_rcc.o
RCC_PLL_GetFreqDomain_48M                         build/stm32f7xx_ll_rcc.o
RCC_PLL_GetFreqDomain_SYS                         build/stm32f7xx_ll_rcc.o
RNG_IRQHandler                                    build/startup_stm32f767xx.o
RTC_Alarm_IRQHandler                              build/startup_stm32f767xx.o
RTC_WKUP_IRQHandler                               build/startup_stm32f767xx.o
Reset_Handler                                     build/startup_stm32f767xx.o
SAI1_IRQHandler                                   build/startup_stm32f767xx.o
SAI2_IRQHandler                                   build/startup_stm32f767xx.o
SDMMC1_IRQHandler                                 build/startup_stm32f767xx.o
SDMMC2_IRQHandler                                 build/startup_stm32f767xx.o
SPDIF_RX_IRQHandler                               build/startup_stm32f767xx.o
SPI1_IRQHandler                                   build/startup_stm32f767xx.o
SPI2_IRQHandler                                   build/startup_stm32f767xx.o
SPI3_IRQHandler                                   build/startup_stm32f767xx.o
SPI4_IRQHandler                                   build/startup_stm32f767xx.o
SPI5_IRQHandler                                   build/startup_stm32f767xx.o
SPI6_IRQHandler                                   build/startup_stm32f767xx.o
SVC_Handler                                       build/port.o
Select_Bank                                       build/_icm20948.o
Spi_Dma_Read                                      build/_icm20948.o
Spi_Dma_Write                                     build/_icm20948.o
StartDefaultTask                                  build/main.o
SysTick_Handler                                   build/port.o
SystemClock_Config                                build/main.o
SystemCoreClock                                   build/system_stm32f7xx.o
                                                  build/port.o
                                                  build/cmsis_os2.o
                                                  build/stm32f7xx_hal.o
                                                  build/stm32f7xx_hal_dma.o
                                                  build/stm32f7xx_hal_rcc.o
                                                  build/stm32f7xx_ll_utils.o
                                                  build/main.o
SystemCoreClockUpdate                             build/system_stm32f7xx.o
SystemInit                                        build/system_stm32f7xx.o
                                                  build/startup_stm32f767xx.o
TAMP_STAMP_IRQHandler                             build/startup_stm32f767xx.o
TIM1_BRK_TIM9_IRQHandler                          build/startup_stm32f767xx.o
TIM1_CC_IRQHandler                                build/startup_stm32f767xx.o
TIM1_TRG_COM_TIM11_IRQHandler                     build/startup_stm32f767xx.o
TIM1_UP_TIM10_IRQHandler                          build/stm32f7xx_it.o
TIM2_IRQHandler                                   build/_icm20948.o
TIM3_IRQHandler                                   build/startup_stm32f767xx.o
TIM4_IRQHandler                                   build/startup_stm32f767xx.o
TIM5_IRQHandler                                   build/startup_stm32f767xx.o
TIM6_DAC_IRQHandler                               build/startup_stm32f767xx.o
TIM7_IRQHandler                                   build/_icm20948.o
TIM8_BRK_TIM12_IRQHandler                         build/startup_stm32f767xx.o
TIM8_CC_IRQHandler                                build/startup_stm32f767xx.o
TIM8_TRG_COM_TIM14_IRQHandler                     build/startup_stm32f767xx.o
TIM8_UP_TIM13_IRQHandler                          build/startup_stm32f767xx.o
TIMEx_DMACommutationCplt                          build/stm32f7xx_hal_tim_ex.o
                                                  build/stm32f7xx_hal_tim.o
TIMEx_DMACommutationHalfCplt                      build/stm32f7xx_hal_tim_ex.o
                                                  build/stm32f7xx_hal_tim.o
TIM_Base_SetConfig                                build/stm32f7xx_hal_tim.o
                                                  build/stm32f7xx_hal_tim_ex.o
TIM_CCxChannelCmd                                 build/stm32f7xx_hal_tim.o
                                                  build/stm32f7xx_hal_tim_ex.o
TIM_DMACaptureCplt                                build/stm32f7xx_hal_tim.o
                                                  build/stm32f7xx_hal_tim_ex.o
TIM_DMACaptureHalfCplt                            build/stm32f7xx_hal_tim.o
                                                  build/stm32f7xx_hal_tim_ex.o
TIM_DMADelayPulseHalfCplt                         build/stm32f7xx_hal_tim.o
                                                  build/stm32f7xx_hal_tim_ex.o
TIM_DMAError                                      build/stm32f7xx_hal_tim.o
                                                  build/stm32f7xx_hal_tim_ex.o
TIM_ETR_SetConfig                                 build/stm32f7xx_hal_tim.o
TIM_OC2_SetConfig                                 build/stm32f7xx_hal_tim.o
                                                  build/stm32f7xx_hal_tim_ex.o
TIM_TI1_SetConfig                                 build/stm32f7xx_hal_tim.o
                                                  build/stm32f7xx_hal_tim_ex.o
UART4_IRQHandler                                  build/startup_stm32f767xx.o
UART5_IRQHandler                                  build/startup_stm32f767xx.o
UART7_IRQHandler                                  build/startup_stm32f767xx.o
UART8_IRQHandler                                  build/startup_stm32f767xx.o
USART1_IRQHandler                                 build/startup_stm32f767xx.o
USART2_IRQHandler                                 build/startup_stm32f767xx.o
USART3_IRQHandler                                 build/usart.o
USART6_IRQHandler                                 build/startup_stm32f767xx.o
USART_req                                         build/usart.o
USART_req_size                                    build/usart.o
USART_req_start_index                             build/usart.o
UsageFault_Handler                                build/stm32f7xx_it.o
Usart_Init                                        build/usart.o
WWDG_IRQHandler                                   build/startup_stm32f767xx.o
_ITM_deregisterTMCloneTable                       /usr/lib/gcc/arm-none-eabi/15.2.0/thumb/v7e-m+dp/hard/crtbegin.o
_ITM_registerTMCloneTable                         /usr/lib/gcc/arm-none-eabi/15.2.0/thumb/v7e-m+dp/hard/crtbegin.o
_Min_Stack_Size                                   build/sysmem.o
__TMC_END__                                       /usr/lib/gcc/arm-none-eabi/15.2.0/thumb/v7e-m+dp/hard/crtend.o
                                                  /usr/lib/gcc/arm-none-eabi/15.2.0/thumb/v7e-m+dp/hard/crtbegin.o
__aeabi_idiv0                                     /usr/lib/gcc/arm-none-eabi/15.2.0/thumb/v7e-m+dp/hard/libgcc.a(_dvmd_tls.o)
__aeabi_ldiv0                                     /usr/lib/gcc/arm-none-eabi/15.2.0/thumb/v7e-m+dp/hard/libgcc.a(_dvmd_tls.o)
                                                  /usr/lib/gcc/arm-none-eabi/15.2.0/thumb/v7e-m+dp/hard/libgcc.a(_aeabi_uldivmod.o)
__aeabi_uldivmod                                  /usr/lib/gcc/arm-none-eabi/15.2.0/thumb/v7e-m+dp/hard/libgcc.a(_aeabi_uldivmod.o)
                                                  build/stm32f7xx_hal_rcc.o
__atexit                                          /usr/lib/gcc/arm-none-eabi/15.2.0/../../../../arm-none-eabi/lib/thumb/v7e-m+dp/hard/libc_nano.a(libc_a-__call_atexit.o)
                                                  /usr/lib/gcc/arm-none-eabi/15.2.0/../../../../arm-none-eabi/lib/thumb/v7e-m+dp/hard/libc_nano.a(libc_a-__atexit.o)
__atexit0                                         /usr/lib/gcc/arm-none-eabi/15.2.0/../../../../arm-none-eabi/lib/thumb/v7e-m+dp/hard/libc_nano.a(libc_a-__atexit.o)
__atexit_dummy                                    /usr/lib/gcc/arm-none-eabi/15.2.0/../../../../arm-none-eabi/lib/thumb/v7e-m+dp/hard/libc_nano.a(libc_a-__atexit.o)
__atexit_recursive_mutex                          /usr/lib/gcc/arm-none-eabi/15.2.0/../../../../arm-none-eabi/lib/thumb/v7e-m+dp/hard/libc_nano.a(libc_a-__call_atexit.o)
                                                  /usr/lib/gcc/arm-none-eabi/15.2.0/../../../../arm-none-eabi/lib/thumb/v7e-m+dp/hard/libc_nano.a(libc_a-__atexit.o)
__bss_end__                                       /usr/lib/gcc/arm-none-eabi/15.2.0/../../../../arm-none-eabi/lib/thumb/v7e-m+dp/hard/crt0.o
__bss_start__                                     /usr/lib/gcc/arm-none-eabi/15.2.0/../../../../arm-none-eabi/lib/thumb/v7e-m+dp/hard/crt0.o
__call_exitprocs                                  /usr/lib/gcc/arm-none-eabi/15.2.0/../../../../arm-none-eabi/lib/thumb/v7e-m+dp/hard/libc_nano.a(libc_a-__call_atexit.o)
                                                  /usr/lib/gcc/arm-none-eabi/15.2.0/../../../../arm-none-eabi/lib/thumb/v7e-m+dp/hard/libc_nano.a(libc_a-__atexit.o)
                                                  /usr/lib/gcc/arm-none-eabi/15.2.0/../../../../arm-none-eabi/lib/thumb/v7e-m+dp/hard/libc_nano.a(libc_a-exit.o)
__deregister_frame_info                           /usr/lib/gcc/arm-none-eabi/15.2.0/thumb/v7e-m+dp/hard/crtbegin.o
__dso_handle                                      /usr/lib/gcc/arm-none-eabi/15.2.0/thumb/v7e-m+dp/hard/crtbegin.o
__env                                             build/syscalls.o
__errno                                           /usr/lib/gcc/arm-none-eabi/15.2.0/../../../../arm-none-eabi/lib/thumb/v7e-m+dp/hard/libc_nano.a(libc_a-errno.o)
                                                  /usr/lib/gcc/arm-none-eabi/15.2.0/../../../../arm-none-eabi/lib/thumb/v7e-m+dp/hard/libm.a(libm_a-wf_sqrt.o)
                                                  build/syscalls.o
                                                  build/sysmem.o
__fini_array_end                                  /usr/lib/gcc/arm-none-eabi/15.2.0/../../../../arm-none-eabi/lib/thumb/v7e-m+dp/hard/libc_nano.a(libc_a-fini.o)
__fini_array_start                                /usr/lib/gcc/arm-none-eabi/15.2.0/../../../../arm-none-eabi/lib/thumb/v7e-m+dp/hard/libc_nano.a(libc_a-fini.o)
__fp_lock_all                                     /usr/lib/gcc/arm-none-eabi/15.2.0/../../../../arm-none-eabi/lib/thumb/v7e-m+dp/hard/libc_nano.a(libc_a-findfp.o)
__fp_unlock_all                                   /usr/lib/gcc/arm-none-eabi/15.2.0/../../../../arm-none-eabi/lib/thumb/v7e-m+dp/hard/libc_nano.a(libc_a-findfp.o)
__ieee754_sqrtf                                   /usr/lib/gcc/arm-none-eabi/15.2.0/../../../../arm-none-eabi/lib/thumb/v7e-m+dp/hard/libm.a(libm_a-ef_sqrt.o)
                                                  /usr/lib/gcc/arm-none-eabi/15.2.0/../../../../arm-none-eabi/lib/thumb/v7e-m+dp/hard/libm.a(libm_a-wf_sqrt.o)
__init_array_end                                  /usr/lib/gcc/arm-none-eabi/15.2.0/../../../../arm-none-eabi/lib/thumb/v7e-m+dp/hard/libc_nano.a(libc_a-init.o)
__init_array_start                                /usr/lib/gcc/arm-none-eabi/15.2.0/../../../../arm-none-eabi/lib/thumb/v7e-m+dp/hard/libc_nano.a(libc_a-init.o)
__io_getchar                                      build/syscalls.o
__io_putchar                                      build/syscalls.o
__libc_fini_array                                 /usr/lib/gcc/arm-none-eabi/15.2.0/../../../../arm-none-eabi/lib/thumb/v7e-m+dp/hard/libc_nano.a(libc_a-fini.o)
                                                  /usr/lib/gcc/arm-none-eabi/15.2.0/../../../../arm-none-eabi/lib/thumb/v7e-m+dp/hard/crt0.o
__libc_init_array                                 /usr/lib/gcc/arm-none-eabi/15.2.0/../../../../arm-none-eabi/lib/thumb/v7e-m+dp/hard/libc_nano.a(libc_a-init.o)
                                                  build/startup_stm32f767xx.o
                                                  /usr/lib/gcc/arm-none-eabi/15.2.0/../../../../arm-none-eabi/lib/thumb/v7e-m+dp/hard/crt0.o